ARM Linker, 4.1 [Build 481] [Standard]

==============================================================================

Section Cross References

    stm32f10x_gpio.o(.text) refers to stm32f10x_rcc.o(.text) for RCC_APB2PeriphResetCmd
    stm32f10x_i2c.o(.text) refers to stm32f10x_rcc.o(.text) for RCC_APB1PeriphResetCmd
    stm32f10x_rcc.o(.text) refers to stm32f10x_rcc.o(.data) for APBAHBPrescTable
    stm32f10x_tim.o(.text) refers to stm32f10x_rcc.o(.text) for RCC_APB2PeriphResetCmd
    stm32f10x_usart.o(.text) refers to stm32f10x_rcc.o(.text) for RCC_APB2PeriphResetCmd
    stm32f10x_adc.o(.text) refers to stm32f10x_rcc.o(.text) for RCC_APB2PeriphResetCmd
    stm32f10x_bkp.o(.text) refers to stm32f10x_rcc.o(.text) for RCC_BackupResetCmd
    stm32f10x_can.o(.text) refers to stm32f10x_rcc.o(.text) for RCC_APB1PeriphResetCmd
    stm32f10x_cec.o(.text) refers to stm32f10x_rcc.o(.text) for RCC_APB1PeriphResetCmd
    stm32f10x_dac.o(.text) refers to stm32f10x_rcc.o(.text) for RCC_APB1PeriphResetCmd
    stm32f10x_pwr.o(.text) refers to stm32f10x_rcc.o(.text) for RCC_APB1PeriphResetCmd
    stm32f10x_spi.o(.text) refers to stm32f10x_rcc.o(.text) for RCC_APB2PeriphResetCmd
    stm32f10x_wwdg.o(.text) refers to stm32f10x_rcc.o(.text) for RCC_APB1PeriphResetCmd
    system_stm32f10x.o(.text) refers to system_stm32f10x.o(.data) for SystemCoreClock
    i2c.o(.text) refers to stm32f10x_rcc.o(.text) for RCC_APB2PeriphClockCmd
    i2c.o(.text) refers to stm32f10x_gpio.o(.text) for GPIO_Init
    i2c_mpu6050.o(.text) refers to stm32f10x_rcc.o(.text) for RCC_APB1PeriphClockCmd
    i2c_mpu6050.o(.text) refers to stm32f10x_gpio.o(.text) for GPIO_Init
    i2c_mpu6050.o(.text) refers to stm32f10x_i2c.o(.text) for I2C_Cmd
    i2c_mpu6050.o(.text) refers to upstandingcar.o(.text) for delay_nms
    led.o(.text) refers to stm32f10x_rcc.o(.text) for RCC_APB2PeriphClockCmd
    led.o(.text) refers to stm32f10x_gpio.o(.text) for GPIO_PinRemapConfig
    main.o(.text) refers to timer.o(.text) for Timerx_Init
    main.o(.text) refers to ultrasonicwave.o(.text) for UltrasonicWave_Configuration
    main.o(.text) refers to usart.o(.text) for USART1_Config
    main.o(.text) refers to motor.o(.text) for TIM2_PWM_Init
    main.o(.text) refers to i2c.o(.text) for i2cInit
    main.o(.text) refers to upstandingcar.o(.text) for delay_nms
    main.o(.text) refers to mpu6050.o(.text) for MPU6050_Init
    main.o(.text) refers to systick.o(.text) for SysTick_Init
    main.o(.text) refers to stm32f10x_gpio.o(.text) for GPIO_ResetBits
    motor.o(.text) refers to stm32f10x_rcc.o(.text) for RCC_APB2PeriphClockCmd
    motor.o(.text) refers to stm32f10x_gpio.o(.text) for GPIO_Init
    motor.o(.text) refers to stm32f10x_tim.o(.text) for TIM_TimeBaseInit
    mpu6050.o(.text) refers to inv_mpu.o(.text) for mpu_init
    mpu6050.o(.text) refers to usart.o(.text) for PrintChar
    mpu6050.o(.text) refers to inv_mpu_dmp_motion_driver.o(.text) for dmp_load_motion_driver_firmware
    mpu6050.o(.text) refers to fflt_clz.o(x$fpl$fflt) for __aeabi_i2f
    mpu6050.o(.text) refers to fdiv.o(x$fpl$fdiv) for __aeabi_fdiv
    mpu6050.o(.text) refers to fmul.o(x$fpl$fmul) for __aeabi_fmul
    mpu6050.o(.text) refers to faddsub_clz.o(x$fpl$fadd) for __aeabi_fadd
    mpu6050.o(.text) refers to f2d.o(x$fpl$f2d) for __aeabi_f2d
    mpu6050.o(.text) refers to asin.o(i.asin) for asin
    mpu6050.o(.text) refers to dmul.o(x$fpl$dmul) for __aeabi_dmul
    mpu6050.o(.text) refers to d2f.o(x$fpl$d2f) for __aeabi_d2f
    mpu6050.o(.text) refers to faddsub_clz.o(x$fpl$fsub) for __aeabi_fsub
    mpu6050.o(.text) refers to mpu6050.o(.data) for gyro_orientation
    mpu6050.o(.text) refers to mpu6050.o(.bss) for quat
    mpu6050.o(.text) refers to atan2.o(i.atan2) for atan2
    outputdata.o(.text) refers to ffix.o(x$fpl$ffix) for __aeabi_f2iz
    outputdata.o(.text) refers to usart.o(.text) for USART1_Send_Byte
    outputdata.o(.text) refers to outputdata.o(.bss) for OutData
    stm32f10x_it.o(.text) refers to upstandingcar.o(.text) for SpeedControlOutput
    stm32f10x_it.o(.text) refers to ultrasonicwave.o(.text) for UltrasonicWave_StartMeasure
    stm32f10x_it.o(.text) refers to mpu6050.o(.text) for MPU6050_Pose
    stm32f10x_it.o(.text) refers to upstandingcar.o(.data) for BST_u8MainEventCount
    systick.o(.text) refers to system_stm32f10x.o(.data) for SystemCoreClock
    systick.o(.text) refers to systick.o(.data) for TimingDelay
    upstandingcar.o(.text) refers to faddsub_clz.o(x$fpl$fsub) for __aeabi_fsub
    upstandingcar.o(.text) refers to fflt_clz.o(x$fpl$fflt) for __aeabi_i2f
    upstandingcar.o(.text) refers to fmul.o(x$fpl$fmul) for __aeabi_fmul
    upstandingcar.o(.text) refers to faddsub_clz.o(x$fpl$fadd) for __aeabi_fadd
    upstandingcar.o(.text) refers to stm32f10x_gpio.o(.text) for GPIO_SetBits
    upstandingcar.o(.text) refers to stm32f10x_tim.o(.text) for TIM_SetCompare3
    upstandingcar.o(.text) refers to frleqf.o(x$fpl$frleqf) for __aeabi_cfrcmple
[...]
    .text                                    0x08006d44   Section      238  lludivv7m.o(.text)
    .text                                    0x08006e32   Section        0  _rserrno.o(.text)
    .text                                    0x08006e48   Section       68  rt_memclr.o(.text)
    .text                                    0x08006e8c   Section       12  rt_errno_addr_intlibspace.o(.text)
    .text                                    0x08006e98   Section       78  rt_memclr_w.o(.text)
    .text                                    0x08006ee8   Section        8  libspace.o(.text)
    .text                                    0x08006ef0   Section       74  sys_stackheap_outer.o(.text)
    .text                                    0x08006f3a   Section        0  exit.o(.text)
    .text                                    0x08006f48   Section       12  rt_fp_status_addr_intlibspace.o(.text)
    .text                                    0x08006f54   Section        0  sys_exit.o(.text)
    .text                                    0x08006f60   Section        2  use_no_semi.o(.text)
    i.__ARM_fpclassify                       0x08006f62   Section        0  fpclassify.o(i.__ARM_fpclassify)
    i.__kernel_poly                          0x08006f8a   Section        0  poly.o(i.__kernel_poly)
    i.__mathlib_dbl_underflow                0x08007034   Section        0  dunder.o(i.__mathlib_dbl_underflow)
    i.asin                                   0x08007044   Section        0  asin.o(i.asin)
    i.atan                                   0x080072c4   Section        0  atan.o(i.atan)
    i.atan2                                  0x080074e8   Section        0  atan2.o(i.atan2)
    i.sqrt                                   0x08007668   Section        0  sqrt.o(i.sqrt)
    x$fpl$d2f                                0x080076b4   Section       98  d2f.o(x$fpl$d2f)
    x$fpl$dadd                               0x08007718   Section      332  daddsub_clz.o(x$fpl$dadd)
    _dadd1                                   0x08007729   Thumb Code     0  daddsub_clz.o(x$fpl$dadd)
    x$fpl$dcheck1                            0x08007864   Section       16  dcheck1.o(x$fpl$dcheck1)
    x$fpl$dcmpinf                            0x08007874   Section       24  dcmpi.o(x$fpl$dcmpinf)
    x$fpl$ddiv                               0x0800788c   Section      688  ddiv.o(x$fpl$ddiv)
    ddiv_entry                               0x08007893   Thumb Code     0  ddiv.o(x$fpl$ddiv)
    x$fpl$dflt                               0x08007b3c   Section       46  dflt_clz.o(x$fpl$dflt)
    x$fpl$dleqf                              0x08007b6c   Section      120  dleqf.o(x$fpl$dleqf)
    x$fpl$dmul                               0x08007be4   Section      340  dmul.o(x$fpl$dmul)
    x$fpl$dnaninf                            0x08007d38   Section      156  dnaninf.o(x$fpl$dnaninf)
    x$fpl$dretinf                            0x08007dd4   Section       12  dretinf.o(x$fpl$dretinf)
    x$fpl$drsb                               0x08007de0   Section       22  daddsub_clz.o(x$fpl$drsb)
    x$fpl$dsqrt                              0x08007df8   Section      460  dsqrt_noumaal.o(x$fpl$dsqrt)
    x$fpl$dsub                               0x08007fc4   Section      468  daddsub_clz.o(x$fpl$dsub)
    _dsub1                                   0x08007fd5   Thumb Code     0  daddsub_clz.o(x$fpl$dsub)
    x$fpl$f2d                                0x08008198   Section       86  f2d.o(x$fpl$f2d)
    x$fpl$fadd                               0x080081f0   Section      196  faddsub_clz.o(x$fpl$fadd)
    _fadd1                                   0x080081ff   Thumb Code     0  faddsub_clz.o(x$fpl$fadd)
    x$fpl$fcmpinf                            0x080082b4   Section       24  fcmpi.o(x$fpl$fcmpinf)
    x$fpl$fdiv                               0x080082cc   Section      388  fdiv.o(x$fpl$fdiv)
    _fdiv1                                   0x080082cd   Thumb Code     0  fdiv.o(x$fpl$fdiv)
    x$fpl$feqf                               0x08008450   Section      104  feqf.o(x$fpl$feqf)
    x$fpl$ffix                               0x080084b8   Section       54  ffix.o(x$fpl$ffix)
    x$fpl$ffixu                              0x080084f0   Section       62  ffixu.o(x$fpl$ffixu)
    x$fpl$fflt                               0x08008530   Section       48  fflt_clz.o(x$fpl$fflt)
    x$fpl$ffltu                              0x08008560   Section       38  fflt_clz.o(x$fpl$ffltu)
    x$fpl$fleqf                              0x08008588   Section      104  fleqf.o(x$fpl$fleqf)
    x$fpl$fmul                               0x080085f0   Section      258  fmul.o(x$fpl$fmul)
    x$fpl$fnaninf                            0x080086f2   Section      140  fnaninf.o(x$fpl$fnaninf)
    x$fpl$fpinit                             0x0800877e   Section       14  fpinit.o(x$fpl$fpinit)
    x$fpl$fretinf                            0x0800878c   Section       10  fretinf.o(x$fpl$fretinf)
    x$fpl$frleqf                             0x08008796   Section       98  frleqf.o(x$fpl$frleqf)
    x$fpl$fsub                               0x080087f8   Section      234  faddsub_clz.o(x$fpl$fsub)
    _fsub1                                   0x08008807   Thumb Code     0  faddsub_clz.o(x$fpl$fsub)
    x$fpl$retnan                             0x080088e2   Section      100  retnan.o(x$fpl$retnan)
    x$fpl$scalbn                             0x08008946   Section       96  scalbn.o(x$fpl$scalbn)
    x$fpl$trapveneer                         0x080089a6   Section       48  trapv.o(x$fpl$trapveneer)
    x$fpl$usenofp                            0x080089d6   Section        0  usenofp.o(x$fpl$usenofp)
    .constdata                               0x080089d8   Section      158  inv_mpu.o(.constdata)
    .constdata                               0x08008a76   Section     3062  inv_mpu_dmp_motion_driver.o(.constdata)
    dmp_memory                               0x08008a76   Data        3062  inv_mpu_dmp_motion_driver.o(.constdata)
    .constdata                               0x08009670   Section       80  asin.o(.constdata)
    pS                                       0x08009670   Data          48  asin.o(.constdata)
    qS                                       0x080096a0   Data          32  asin.o(.constdata)
    .constdata                               0x080096c0   Section      152  atan.o(.constdata)
    atanhi                                   0x080096c0   Data          32  atan.o(.constdata)
    atanlo                                   0x080096e0   Data          32  atan.o(.constdata)
    aTodd                                    0x08009700   Data          40  atan.o(.constdata)
    aTeven                                   0x08009728   Data          48  atan.o(.constdata)
    .constdata                               0x08009758   Section        8  qnan.o(.constdata)
    .data                                    0x20000000   Section       20  stm32f10x_rcc.o(.data)
    APBAHBPrescTable                         0x20000000   Data          16  stm32f10x_rcc.o(.data)
    ADCPrescTable                            0x20000010   Data           4  stm32f10x_rcc.o(.data)
    .data                                    0x20000014   Section       20  system_stm32f10x.o(.data)
    .data                                    0x20000028   Section       59  mpu6050.o(.data)
    gyro_orientation                         0x20000028   Data           9  mpu6050.o(.data)
    .data                                    0x20000064   Section        4  systick.o(.data)
    TimingDelay                              0x20000064   Data           4  systick.o(.data)
    .data                                    0x20000068   Section      212  upstandingcar.o(.data)
    temp                                     0x20000078   Data           4  upstandingcar.o(.data)
    turnconvert                              0x2000007c   Data           4  upstandingcar.o(.data)
    speedtarget                              0x20000080   Data           4  upstandingcar.o(.data)
    temp2                                    0x20000084   Data           4  upstandingcar.o(.data)
    turncount                                0x20000088   Data           4  upstandingcar.o(.data)
    speedlimit                               0x2000008c   Data           4  upstandingcar.o(.data)
    temp                                     0x20000090   Data           4  upstandingcar.o(.data)
    turnconvert                              0x20000094   Data           4  upstandingcar.o(.data)
    speedtarget                              0x20000098   Data           4  upstandingcar.o(.data)
    temp1                                    0x2000009c   Data           4  upstandingcar.o(.data)
    temp2                                    0x200000a0   Data           4  upstandingcar.o(.data)
    temp3                                    0x200000a4   Data           4  upstandingcar.o(.data)
    .data                                    0x2000013c   Section        4  ultrasonicwave.o(.data)
    .data                                    0x20000140   Section       44  inv_mpu.o(.data)
    st                                       0x20000140   Data          44  inv_mpu.o(.data)
    .bss                                     0x2000016c   Section       16  mpu6050.o(.bss)
    .bss                                     0x2000017c   Section       16  inv_mpu_dmp_motion_driver.o(.bss)
    dmp                                      0x2000017c   Data          16  inv_mpu_dmp_motion_driver.o(.bss)
    .bss                                     0x2000018c   Section       96  libspace.o(.bss)
    HEAP                                     0x200001f0   Section      512  startup_stm32f10x_md.o(HEAP)
    Heap_Mem                                 0x200001f0   Data         512  startup_stm32f10x_md.o(HEAP)
    STACK                                    0x200003f0   Section     1024  startup_stm32f10x_md.o(STACK)
    Stack_Mem                                0x200003f0   Data        1024  startup_stm32f10x_md.o(STACK)
    __initial_sp                             0x200007f0   Data           0  startup_stm32f10x_md.o(STACK)

    Global Symbols

    Symbol Name                              Value     Ov Type        Size  Object(Section)

    BuildAttributes$$THM_ISAv4$P$D$K$B$S$PE$A:L22UL41UL21$X:L11$S22US41US21$IEEE1$IW$USESV6$~STKCKD$USESV7$~SHL$OTIME$ROPI$IEEEX$EBA8$UX$STANDARDLIB$REQ8$PRES8$EABIv2 0x00000000   Number         0  anon$$obj.o ABSOLUTE
    __ARM_use_no_argv                        0x00000000   Number         0  main.o ABSOLUTE
    __ARM_exceptions_init                     - Undefined Weak Reference
    __alloca_initialize                       - Undefined Weak Reference
    __cpp_initialize__aeabi_                  - Undefined Weak Reference
    __cxa_finalize                            - Undefined Weak Reference
    __fpl_infinity                            - Undefined Weak Reference
    __rt_locale                               - Undefined Weak Reference
    __sigvec_lookup                           - Undefined Weak Reference
    _atexit_init                              - Undefined Weak Reference
    _call_atexit_fns                          - Undefined Weak Reference
    _clock_init                               - Undefined Weak Reference
    _fp_trap_init                             - Undefined Weak Reference
    _fp_trap_shutdown                         - Undefined Weak Reference
    _get_lc_collate                           - Undefined Weak Reference
    _get_lc_ctype                             - Undefined Weak Reference
    _get_lc_monetary                          - Undefined Weak Reference
    _get_lc_numeric                           - Undefined Weak Reference
    _get_lc_time                              - Undefined Weak Reference
    _getenv_init                              - Undefined Weak Reference
    _handle_redirection                       - Undefined Weak Reference
    _init_alloc                               - Undefined Weak Reference
    _init_user_alloc                          - Undefined Weak Reference
    _initio                                   - Undefined Weak Reference
    _rand_init                                - Undefined Weak Reference
    _signal_finish                            - Undefined Weak Reference
    _signal_init                              - Undefined Weak Reference
    _terminate_alloc                          - Undefined Weak Reference
    _terminate_user_alloc                     - Undefined Weak Reference
    _terminateio                              - Undefined Weak Reference
    __Vectors_Size                           0x000000ec   Number         0  startup_stm32f10x_md.o ABSOLUTE
    __Vectors                                0x08000000   Data           4  startup_stm32f10x_md.o(RESET)
    __Vectors_End                            0x080000ec   Data           0  startup_stm32f10x_md.o(RESET)
    __main                                   0x080000ed   Thumb Code     8  __main.o(!!!main)
    __scatterload                            0x080000f5   Thumb Code     0  __scatter.o(!!!scatter)
    __scatterload_rt2                        0x080000f5   Thumb Code    44  __scatter.o(!!!scatter)
    __scatterload_rt2_thumb_only             0x080000f5   Thumb Code     0  __scatter.o(!!!scatter)
    __scatterload_null                       0x08000103   Thumb Code     0  __scatter.o(!!!scatter)
    __decompress                             0x08000129   Thumb Code    90  __dczerorl2.o(!!dczerorl2)
    __decompress1                            0x08000129   Thumb Code     0  __dczerorl2.o(!!dczerorl2)
    __scatterload_zeroinit                   0x08000185   Thumb Code    28  __scatter_zi.o(!!handler_zi)
    __rt_lib_init                            0x080001a1   Thumb Code     0  libinit.o(.ARM.Collect$$libinit$$00000000)
    __rt_lib_init_alloca_1                   0x080001a7   Thumb Code     0  libinit2.o(.ARM.Collect$$libinit$$0000002A)
    __rt_lib_init_argv_1                     0x080001a7   Thumb Code     0  libinit2.o(.ARM.Collect$$libinit$$00000028)
    __rt_lib_init_atexit_1                   0x080001a7   Thumb Code     0  libinit2.o(.ARM.Collect$$libinit$$00000017)
    __rt_lib_init_clock_1                    0x080001a7   Thumb Code     0  libinit2.o(.ARM.Collect$$libinit$$0000001D)
    __rt_lib_init_cpp_1                      0x080001a7   Thumb Code     0  libinit2.o(.ARM.Collect$$libinit$$0000002E)
    __rt_lib_init_exceptions_1               0x080001a7   Thumb Code     0  libinit2.o(.ARM.Collect$$libinit$$0000002C)
    __rt_lib_init_fp_trap_1                  0x080001a7   Thumb Code     0  libinit2.o(.ARM.Collect$$libinit$$0000001B)
    __rt_lib_init_getenv_1                   0x080001a7   Thumb Code     0  libinit2.o(.ARM.Collect$$libinit$$0000001F)
    __rt_lib_init_heap_1                     0x080001a7   Thumb Code     0  libinit2.o(.ARM.Collect$$libinit$$00000006)
    __rt_lib_init_lc_collate_1               0x080001a7   Thumb Code     0  libinit2.o(.ARM.Collect$$libinit$$0000000D)
    __rt_lib_init_lc_ctype_1                 0x080001a7   Thumb Code     0  libinit2.o(.ARM.Collect$$libinit$$0000000F)
    __rt_lib_init_lc_monetary_1              0x080001a7   Thumb Code     0  libinit2.o(.ARM.Collect$$libinit$$00000011)
    __rt_lib_init_lc_numeric_1               0x080001a7   Thumb Code     0  libinit2.o(.ARM.Collect$$libinit$$00000013)
    __rt_lib_init_lc_time_1                  0x080001a7   Thumb Code     0  libinit2.o(.ARM.Collect$$libinit$$00000015)
    __rt_lib_init_rand_1                     0x080001a7   Thumb Code     0  libinit2.o(.ARM.Collect$$libinit$$0000000A)
    __rt_lib_init_return                     0x080001a7   Thumb Code     0  libinit2.o(.ARM.Collect$$libinit$$0000002F)
    __rt_lib_init_signal_1                   0x080001a7   Thumb Code     0  libinit2.o(.ARM.Collect$$libinit$$00000019)
    __rt_lib_init_stdio_1                    0x080001a7   Thumb Code     0  libinit2.o(.ARM.Collect$$libinit$$00000021)
    __rt_lib_init_user_alloc_1               0x080001a7   Thumb Code     0  libinit2.o(.ARM.Collect$$libinit$$00000008)
    __rt_lib_shutdown                        0x080001a9   Thumb Code     0  libshutdown.o(.ARM.Collect$$libshutdown$$00000000)
    __rt_lib_shutdown_fp_trap_1              0x080001ab   Thumb Code     0  libshutdown2.o(.ARM.Collect$$libshutdown$$00000006)
    __rt_lib_shutdown_heap_1                 0x080001ab   Thumb Code     0  libshutdown2.o(.ARM.Collect$$libshutdown$$0000000E)
    __rt_lib_shutdown_return                 0x080001ab   Thumb Code     0  libshutdown2.o(.ARM.Collect$$libshutdown$$0000000F)
    __rt_lib_shutdown_signal_1               0x080001ab   Thumb Code     0  libshutdown2.o(.ARM.Collect$$libshutdown$$00000009)
    __rt_lib_shutdown_stdio_1                0x080001ab   Thumb Code     0  libshutdown2.o(.ARM.Collect$$libshutdown$$00000003)
    __rt_lib_shutdown_user_alloc_1           0x080001ab   Thumb Code     0  libshutdown2.o(.ARM.Collect$$libshutdown$$0000000B)
    __rt_entry                               0x080001ad   Thumb Code     0  rtentry.o(.ARM.Collect$$rtentry$$00000000)
    __rt_entry_presh_1                       0x080001ad   Thumb Code     0  rtentry2.o(.ARM.Collect$$rtentry$$00000002)
    __rt_entry_sh                            0x080001ad   Thumb Code     0  rtentry4.o(.ARM.Collect$$rtentry$$00000004)
    __rt_entry_li                            0x080001b3   Thumb Code     0  rtentry2.o(.ARM.Collect$$rtentry$$0000000A)
    __rt_entry_postsh_1                      0x080001b3   Thumb Code     0  rtentry2.o(.ARM.Collect$$rtentry$$00000009)
    __rt_entry_main                          0x080001b7   Thumb Code     0  rtentry2.o(.ARM.Collect$$rtentry$$0000000D)
    __rt_entry_postli_1                      0x080001b7   Thumb Code     0  rtentry2.o(.ARM.Collect$$rtentry$$0000000C)
    __rt_exit                                0x080001bf   Thumb Code     0  rtexit.o(.ARM.Collect$$rtexit$$00000000)
    __rt_exit_ls                             0x080001c1   Thumb Code     0  rtexit2.o(.ARM.Collect$$rtexit$$00000003)
    __rt_exit_prels_1                        0x080001c1   Thumb Code     0  rtexit2.o(.ARM.Collect$$rtexit$$00000002)
    __rt_exit_exit                           0x080001c5   Thumb Code     0  rtexit2.o(.ARM.Collect$$rtexit$$00000004)
    NVIC_PriorityGroupConfig                 0x080001cd   Thumb Code    10  misc.o(.text)
    NVIC_Init                                0x080001d7   Thumb Code   118  misc.o(.text)
    NVIC_SetVectorTable                      0x0800024d   Thumb Code    12  misc.o(.text)
    NVIC_SystemLPConfig                      0x08000259   Thumb Code    38  misc.o(.text)
    SysTick_CLKSourceConfig                  0x0800027f   Thumb Code    40  misc.o(.text)
    EXTI_DeInit                              0x080002c5   Thumb Code    30  stm32f10x_exti.o(.text)
    EXTI_Init                                0x080002e3   Thumb Code   160  stm32f10x_exti.o(.text)
    EXTI_StructInit                          0x08000383   Thumb Code    16  stm32f10x_exti.o(.text)
    EXTI_GenerateSWInterrupt                 0x08000393   Thumb Code    16  stm32f10x_exti.o(.text)
    EXTI_GetFlagStatus                       0x080003a3   Thumb Code    20  stm32f10x_exti.o(.text)
    EXTI_ClearFlag                           0x080003b7   Thumb Code     6  stm32f10x_exti.o(.text)
    EXTI_GetITStatus                         0x080003bd   Thumb Code    34  stm32f10x_exti.o(.text)
    EXTI_ClearITPendingBit                   0x080003df   Thumb Code     6  stm32f10x_exti.o(.text)
    GPIO_DeInit                              0x08000401   Thumb Code   172  stm32f10x_gpio.o(.text)
    GPIO_AFIODeInit                          0x080004ad   Thumb Code    20  stm32f10x_gpio.o(.text)
    GPIO_Init                                0x080004c1   Thumb Code   274  stm32f10x_gpio.o(.text)
    GPIO_StructInit                          0x080005d3   Thumb Code    16  stm32f10x_gpio.o(.text)
    GPIO_ReadInputDataBit                    0x080005e3   Thumb Code    18  stm32f10x_gpio.o(.text)
    GPIO_ReadInputData                       0x080005f5   Thumb Code     8  stm32f10x_gpio.o(.text)
    GPIO_ReadOutputDataBit                   0x080005fd   Thumb Code    18  stm32f10x_gpio.o(.text)
    GPIO_ReadOutputData                      0x0800060f   Thumb Code     8  stm32f10x_gpio.o(.text)
    GPIO_SetBits                             0x08000617   Thumb Code     4  stm32f10x_gpio.o(.text)
    GPIO_ResetBits                           0x0800061b   Thumb Code     4  stm32f10x_gpio.o(.text)
    GPIO_WriteBit                            0x0800061f   Thumb Code    10  stm32f10x_gpio.o(.text)
    GPIO_Write                               0x08000629   Thumb Code     4  stm32f10x_gpio.o(.text)
    GPIO_PinLockConfig                       0x0800062d   Thumb Code    18  stm32f10x_gpio.o(.text)
    GPIO_EventOutputConfig                   0x0800063f   Thumb Code    26  stm32f10x_gpio.o(.text)
    GPIO_EventOutputCmd                      0x08000659   Thumb Code     6  stm32f10x_gpio.o(.text)
    GPIO_PinRemapConfig                      0x0800065f   Thumb Code   138  stm32f10x_gpio.o(.text)
    GPIO_EXTILineConfig                      0x080006e9   Thumb Code    66  stm32f10x_gpio.o(.text)
    GPIO_ETH_MediaInterfaceConfig            0x0800072b   Thumb Code     6  stm32f10x_gpio.o(.text)
    RCC_DeInit                               0x08000759   Thumb Code    64  stm32f10x_rcc.o(.text)
    RCC_HSEConfig                            0x08000799   Thumb Code    70  stm32f10x_rcc.o(.text)
    RCC_GetFlagStatus                        0x080007df   Thumb Code    56  stm32f10x_rcc.o(.text)
    RCC_WaitForHSEStartUp                    0x08000817   Thumb Code    48  stm32f10x_rcc.o(.text)
    RCC_AdjustHSICalibrationValue            0x08000847   Thumb Code    20  stm32f10x_rcc.o(.text)
    RCC_HSICmd                               0x0800085b   Thumb Code     6  stm32f10x_rcc.o(.text)
    RCC_PLLConfig                            0x08000861   Thumb Code    24  stm32f10x_rcc.o(.text)
    RCC_PLLCmd                               0x08000879   Thumb Code     6  stm32f10x_rcc.o(.text)
    RCC_SYSCLKConfig                         0x0800087f   Thumb Code    18  stm32f10x_rcc.o(.text)
    RCC_GetSYSCLKSource                      0x08000891   Thumb Code    10  stm32f10x_rcc.o(.text)
    RCC_HCLKConfig                           0x0800089b   Thumb Code    18  stm32f10x_rcc.o(.text)
    RCC_PCLK1Config                          0x080008ad   Thumb Code    18  stm32f10x_rcc.o(.text)
    RCC_PCLK2Config                          0x080008bf   Thumb Code    20  stm32f10x_rcc.o(.text)
    RCC_ITConfig                             0x080008d3   Thumb Code    30  stm32f10x_rcc.o(.text)
    RCC_USBCLKConfig                         0x080008f1   Thumb Code     6  stm32f10x_rcc.o(.text)
    RCC_ADCCLKConfig                         0x080008f7   Thumb Code    18  stm32f10x_rcc.o(.text)
    RCC_LSEConfig                            0x08000909   Thumb Code    44  stm32f10x_rcc.o(.text)
    RCC_LSICmd                               0x08000935   Thumb Code     6  stm32f10x_rcc.o(.text)
    RCC_RTCCLKConfig                         0x0800093b   Thumb Code    12  stm32f10x_rcc.o(.text)
    RCC_RTCCLKCmd                            0x08000947   Thumb Code     6  stm32f10x_rcc.o(.text)
    RCC_GetClocksFreq                        0x0800094d   Thumb Code   192  stm32f10x_rcc.o(.text)
    RCC_AHBPeriphClockCmd                    0x08000a0d   Thumb Code    26  stm32f10x_rcc.o(.text)
    RCC_APB2PeriphClockCmd                   0x08000a27   Thumb Code    26  stm32f10x_rcc.o(.text)
    RCC_APB1PeriphClockCmd                   0x08000a41   Thumb Code    26  stm32f10x_rcc.o(.text)
    RCC_APB2PeriphResetCmd                   0x08000a5b   Thumb Code    26  stm32f10x_rcc.o(.text)
    RCC_APB1PeriphResetCmd                   0x08000a75   Thumb Code    26  stm32f10x_rcc.o(.text)
    RCC_BackupResetCmd                       0x08000a8f   Thumb Code     6  stm32f10x_rcc.o(.text)
    RCC_ClockSecuritySystemCmd               0x08000a95   Thumb Code     6  stm32f10x_rcc.o(.text)
    RCC_MCOConfig                            0x08000a9b   Thumb Code     6  stm32f10x_rcc.o(.text)
    RCC_ClearFlag                            0x08000aa1   Thumb Code    14  stm32f10x_rcc.o(.text)
    RCC_GetITStatus                          0x08000aaf   Thumb Code    20  stm32f10x_rcc.o(.text)
    RCC_ClearITPendingBit                    0x08000ac3   Thumb Code     6  stm32f10x_rcc.o(.text)
    TIM_DeInit                               0x08000afd   Thumb Code   424  stm32f10x_tim.o(.text)
    TIM_TimeBaseInit                         0x08000ca5   Thumb Code   122  stm32f10x_tim.o(.text)
    TIM_OC1Init                              0x08000d1f   Thumb Code   132  stm32f10x_tim.o(.text)
    TIM_OC2Init                              0x08000da3   Thumb Code   146  stm32f10x_tim.o(.text)
    TIM_OC3Init                              0x08000e35   Thumb Code   142  stm32f10x_tim.o(.text)
    TIM_OC4Init                              0x08000ec3   Thumb Code   172  stm32f10x_tim.o(.text)
    TIM_SetIC4Prescaler                      0x08000f6f   Thumb Code    22  stm32f10x_tim.o(.text)
    TIM_SetIC3Prescaler                      0x08000ffb   Thumb Code    18  stm32f10x_tim.o(.text)
    TIM_SetIC2Prescaler                      0x0800107f   Thumb Code    22  stm32f10x_tim.o(.text)
    TIM_SetIC1Prescaler                      0x0800110b   Thumb Code    18  stm32f10x_tim.o(.text)
    TIM_ICInit                               0x08001187   Thumb Code   150  stm32f10x_tim.o(.text)
    TIM_PWMIConfig                           0x0800121d   Thumb Code   124  stm32f10x_tim.o(.text)
    TIM_BDTRConfig                           0x08001299   Thumb Code    32  stm32f10x_tim.o(.text)
    TIM_TimeBaseStructInit                   0x080012b9   Thumb Code    18  stm32f10x_tim.o(.text)
    TIM_OCStructInit                         0x080012cb   Thumb Code    20  stm32f10x_tim.o(.text)
    TIM_ICStructInit                         0x080012df   Thumb Code    18  stm32f10x_tim.o(.text)
    TIM_BDTRStructInit                       0x080012f1   Thumb Code    18  stm32f10x_tim.o(.text)
    TIM_Cmd                                  0x08001303   Thumb Code    24  stm32f10x_tim.o(.text)
    TIM_CtrlPWMOutputs                       0x0800131b   Thumb Code    52  stm32f10x_tim.o(.text)
    TIM_ITConfig                             0x0800134f   Thumb Code    24  stm32f10x_tim.o(.text)
    TIM_GenerateEvent                        0x08001367   Thumb Code     4  stm32f10x_tim.o(.text)
    TIM_DMAConfig                            0x0800136b   Thumb Code    10  stm32f10x_tim.o(.text)
    TIM_DMACmd                               0x08001375   Thumb Code    24  stm32f10x_tim.o(.text)
    TIM_InternalClockConfig                  0x0800138d   Thumb Code    12  stm32f10x_tim.o(.text)
    TIM_SelectInputTrigger                   0x08001399   Thumb Code    18  stm32f10x_tim.o(.text)
    TIM_ITRxExternalClockConfig              0x080013ab   Thumb Code    24  stm32f10x_tim.o(.text)
    TIM_TIxExternalClockConfig               0x080013c3   Thumb Code    62  stm32f10x_tim.o(.text)
    TIM_ETRConfig                            0x08001401   Thumb Code    24  stm32f10x_tim.o(.text)
    TIM_ETRClockMode1Config                  0x08001419   Thumb Code    54  stm32f10x_tim.o(.text)
    TIM_ETRClockMode2Config                  0x0800144f   Thumb Code    32  stm32f10x_tim.o(.text)
    TIM_PrescalerConfig                      0x0800146f   Thumb Code     6  stm32f10x_tim.o(.text)
    TIM_CounterModeConfig                    0x08001475   Thumb Code    18  stm32f10x_tim.o(.text)
    TIM_EncoderInterfaceConfig               0x08001487   Thumb Code    62  stm32f10x_tim.o(.text)
    TIM_ForcedOC1Config                      0x080014c5   Thumb Code    18  stm32f10x_tim.o(.text)
    TIM_ForcedOC2Config                      0x080014d7   Thumb Code    22  stm32f10x_tim.o(.text)
    TIM_ForcedOC3Config                      0x080014ed   Thumb Code    18  stm32f10x_tim.o(.text)
    TIM_ForcedOC4Config                      0x080014ff   Thumb Code    22  stm32f10x_tim.o(.text)
    TIM_ARRPreloadConfig                     0x08001515   Thumb Code    24  stm32f10x_tim.o(.text)
    TIM_SelectCOM                            0x0800152d   Thumb Code    24  stm32f10x_tim.o(.text)
    TIM_SelectCCDMA                          0x08001545   Thumb Code    24  stm32f10x_tim.o(.text)
    TIM_CCPreloadControl                     0x0800155d   Thumb Code    24  stm32f10x_tim.o(.text)
    TIM_OC1PreloadConfig                     0x08001575   Thumb Code    18  stm32f10x_tim.o(.text)
    TIM_OC2PreloadConfig                     0x08001587   Thumb Code    22  stm32f10x_tim.o(.text)
    TIM_OC3PreloadConfig                     0x0800159d   Thumb Code    18  stm32f10x_tim.o(.text)
    TIM_OC4PreloadConfig                     0x080015af   Thumb Code    22  stm32f10x_tim.o(.text)
    TIM_OC1FastConfig                        0x080015c5   Thumb Code    18  stm32f10x_tim.o(.text)
    TIM_OC2FastConfig                        0x080015d7   Thumb Code    22  stm32f10x_tim.o(.text)
    TIM_OC3FastConfig                        0x080015ed   Thumb Code    18  stm32f10x_tim.o(.text)
    TIM_OC4FastConfig                        0x080015ff   Thumb Code    22  stm32f10x_tim.o(.text)
    TIM_ClearOC1Ref                          0x08001615   Thumb Code    18  stm32f10x_tim.o(.text)
    TIM_ClearOC2Ref                          0x08001627   Thumb Code    20  stm32f10x_tim.o(.text)
    TIM_ClearOC3Ref                          0x0800163b   Thumb Code    18  stm32f10x_tim.o(.text)
    TIM_ClearOC4Ref                          0x0800164d   Thumb Code    20  stm32f10x_tim.o(.text)
    TIM_OC1PolarityConfig                    0x08001661   Thumb Code    18  stm32f10x_tim.o(.text)
    TIM_OC1NPolarityConfig                   0x08001673   Thumb Code    18  stm32f10x_tim.o(.text)
    TIM_OC2PolarityConfig                    0x08001685   Thumb Code    22  stm32f10x_tim.o(.text)
    TIM_OC2NPolarityConfig                   0x0800169b   Thumb Code    22  stm32f10x_tim.o(.text)
    TIM_OC3PolarityConfig                    0x080016b1   Thumb Code    22  stm32f10x_tim.o(.text)
    TIM_OC3NPolarityConfig                   0x080016c7   Thumb Code    22  stm32f10x_tim.o(.text)
    TIM_OC4PolarityConfig                    0x080016dd   Thumb Code    22  stm32f10x_tim.o(.text)
    TIM_CCxCmd                               0x080016f3   Thumb Code    34  stm32f10x_tim.o(.text)
    TIM_CCxNCmd                              0x08001715   Thumb Code    34  stm32f10x_tim.o(.text)
    TIM_SelectOCxM                           0x08001737   Thumb Code    82  stm32f10x_tim.o(.text)
    TIM_UpdateDisableConfig                  0x08001789   Thumb Code    24  stm32f10x_tim.o(.text)
    TIM_UpdateRequestConfig                  0x080017a1   Thumb Code    24  stm32f10x_tim.o(.text)
    TIM_SelectHallSensor                     0x080017b9   Thumb Code    24  stm32f10x_tim.o(.text)
    TIM_SelectOnePulseMode                   0x080017d1   Thumb Code    18  stm32f10x_tim.o(.text)
    TIM_SelectOutputTrigger                  0x080017e3   Thumb Code    18  stm32f10x_tim.o(.text)
    TIM_SelectSlaveMode                      0x080017f5   Thumb Code    18  stm32f10x_tim.o(.text)
    TIM_SelectMasterSlaveMode                0x08001807   Thumb Code    18  stm32f10x_tim.o(.text)
    TIM_SetCounter                           0x08001819   Thumb Code     4  stm32f10x_tim.o(.text)
    TIM_SetAutoreload                        0x0800181d   Thumb Code     4  stm32f10x_tim.o(.text)
    TIM_SetCompare1                          0x08001821   Thumb Code     4  stm32f10x_tim.o(.text)
    TIM_SetCompare2                          0x08001825   Thumb Code     4  stm32f10x_tim.o(.text)
    TIM_SetCompare3                          0x08001829   Thumb Code     4  stm32f10x_tim.o(.text)
    TIM_SetCompare4                          0x0800182d   Thumb Code     6  stm32f10x_tim.o(.text)
    TIM_SetClockDivision                     0x08001833   Thumb Code    18  stm32f10x_tim.o(.text)
    TIM_GetCapture1                          0x08001845   Thumb Code     6  stm32f10x_tim.o(.text)
    TIM_GetCapture2                          0x0800184b   Thumb Code     6  stm32f10x_tim.o(.text)
    TIM_GetCapture3                          0x08001851   Thumb Code     6  stm32f10x_tim.o(.text)
    TIM_GetCapture4                          0x08001857   Thumb Code     8  stm32f10x_tim.o(.text)
    TIM_GetCounter                           0x0800185f   Thumb Code     6  stm32f10x_tim.o(.text)
    TIM_GetPrescaler                         0x08001865   Thumb Code     6  stm32f10x_tim.o(.text)
    TIM_GetFlagStatus                        0x0800186b   Thumb Code    18  stm32f10x_tim.o(.text)
    TIM_ClearFlag                            0x0800187d   Thumb Code     6  stm32f10x_tim.o(.text)
    TIM_GetITStatus                          0x08001883   Thumb Code    34  stm32f10x_tim.o(.text)
    TIM_ClearITPendingBit                    0x080018a5   Thumb Code     6  stm32f10x_tim.o(.text)
    USART_DeInit                             0x080018ad   Thumb Code   134  stm32f10x_usart.o(.text)
    USART_Init                               0x08001933   Thumb Code   210  stm32f10x_usart.o(.text)
    USART_StructInit                         0x08001a05   Thumb Code    24  stm32f10x_usart.o(.text)
    USART_ClockInit                          0x08001a1d   Thumb Code    34  stm32f10x_usart.o(.text)
    USART_ClockStructInit                    0x08001a3f   Thumb Code    12  stm32f10x_usart.o(.text)
    USART_Cmd                                0x08001a4b   Thumb Code    24  stm32f10x_usart.o(.text)
    USART_ITConfig                           0x08001a63   Thumb Code    74  stm32f10x_usart.o(.text)
    USART_DMACmd                             0x08001aad   Thumb Code    24  stm32f10x_usart.o(.text)
    USART_SetAddress                         0x08001ac5   Thumb Code    18  stm32f10x_usart.o(.text)
    USART_WakeUpConfig                       0x08001ad7   Thumb Code    18  stm32f10x_usart.o(.text)
    USART_ReceiverWakeUpCmd                  0x08001ae9   Thumb Code    24  stm32f10x_usart.o(.text)
    USART_LINBreakDetectLengthConfig         0x08001b01   Thumb Code    18  stm32f10x_usart.o(.text)
    USART_LINCmd                             0x08001b13   Thumb Code    24  stm32f10x_usart.o(.text)
    USART_SendData                           0x08001b2b   Thumb Code     8  stm32f10x_usart.o(.text)
    USART_ReceiveData                        0x08001b33   Thumb Code    10  stm32f10x_usart.o(.text)
    USART_SendBreak                          0x08001b3d   Thumb Code    10  stm32f10x_usart.o(.text)
    USART_SetGuardTime                       0x08001b47   Thumb Code    16  stm32f10x_usart.o(.text)
    USART_SetPrescaler                       0x08001b57   Thumb Code    16  stm32f10x_usart.o(.text)
    USART_SmartCardCmd                       0x08001b67   Thumb Code    24  stm32f10x_usart.o(.text)
    USART_SmartCardNACKCmd                   0x08001b7f   Thumb Code    24  stm32f10x_usart.o(.text)
    USART_HalfDuplexCmd                      0x08001b97   Thumb Code    24  stm32f10x_usart.o(.text)
    USART_OverSampling8Cmd                   0x08001baf   Thumb Code    22  stm32f10x_usart.o(.text)
    USART_OneBitMethodCmd                    0x08001bc5   Thumb Code    24  stm32f10x_usart.o(.text)
    USART_IrDAConfig                         0x08001bdd   Thumb Code    18  stm32f10x_usart.o(.text)
    USART_IrDACmd                            0x08001bef   Thumb Code    24  stm32f10x_usart.o(.text)
    USART_GetFlagStatus                      0x08001c07   Thumb Code    26  stm32f10x_usart.o(.text)
    USART_ClearFlag                          0x08001c21   Thumb Code    18  stm32f10x_usart.o(.text)
    USART_GetITStatus                        0x08001c33   Thumb Code    84  stm32f10x_usart.o(.text)
    USART_ClearITPendingBit                  0x08001c87   Thumb Code    50  stm32f10x_usart.o(.text)
    SystemInit                               0x08001d81   Thumb Code    78  system_stm32f10x.o(.text)
    SystemCoreClockUpdate                    0x08001dcf   Thumb Code   142  system_stm32f10x.o(.text)
    delay_us                                 0x08001e81   Thumb Code    26  delay.o(.text)
    delay_ms                                 0x08001e9b   Thumb Code    24  delay.o(.text)
    get_ms                                   0x08001eb3   Thumb Code     2  delay.o(.text)
    i2cInit                                  0x080020b7   Thumb Code    42  i2c.o(.text)
    i2cWriteBuffer                           0x080020e1   Thumb Code   100  i2c.o(.text)
    i2cwrite                                 0x08002145   Thumb Code    38  i2c.o(.text)
    i2cRead                                  0x0800216b   Thumb Code   120  i2c.o(.text)
    i2cread                                  0x080021e3   Thumb Code    38  i2c.o(.text)
    i2cWrite                                 0x08002209   Thumb Code    72  i2c.o(.text)
    i2cGetErrorCounter                       0x08002251   Thumb Code     4  i2c.o(.text)
    main                                     0x08002265   Thumb Code    94  main.o(.text)
    MOTOR_GPIO_Config                        0x080022c9   Thumb Code    50  motor.o(.text)
    TIM2_PWM_CHANGE                          0x080023a7   Thumb Code    82  motor.o(.text)
    TIM2_PWM_Init                            0x080023f9   Thumb Code    12  motor.o(.text)
    TIM3_Encoder_Init                        0x08002405   Thumb Code   134  motor.o(.text)
    TIM4_Encoder_Init                        0x0800248b   Thumb Code   134  motor.o(.text)
    TIM3_External_Clock_CountingMode         0x08002511   Thumb Code   110  motor.o(.text)
    TIM4_External_Clock_CountingMode         0x0800257f   Thumb Code   110  motor.o(.text)
    MPU6050_Init                             0x080025fd   Thumb Code   208  mpu6050.o(.text)
    MPU6050_Pose                             0x080026cd   Thumb Code  1338  mpu6050.o(.text)
    NMI_Handler                              0x08002c25   Thumb Code     2  stm32f10x_it.o(.text)
    HardFault_Handler                        0x08002c27   Thumb Code     4  stm32f10x_it.o(.text)
    MemManage_Handler                        0x08002c2b   Thumb Code     4  stm32f10x_it.o(.text)
    BusFault_Handler                         0x08002c2f   Thumb Code     4  stm32f10x_it.o(.text)
    UsageFault_Handler                       0x08002c33   Thumb Code     4  stm32f10x_it.o(.text)
    SVC_Handler                              0x08002c37   Thumb Code     2  stm32f10x_it.o(.text)
    DebugMon_Handler                         0x08002c39   Thumb Code     2  stm32f10x_it.o(.text)
    PendSV_Handler                           0x08002c3b   Thumb Code     2  stm32f10x_it.o(.text)
    SysTick_Handler                          0x08002c3d   Thumb Code   262  stm32f10x_it.o(.text)
    USART3_IRQHandler                        0x08002d43   Thumb Code     2  stm32f10x_it.o(.text)
    SysTick_Init                             0x08002d65   Thumb Code   104  systick.o(.text)
    Delay_us                                 0x08002dcd   Thumb Code    32  systick.o(.text)
    TimingDelay_Decrement                    0x08002ded   Thumb Code    18  systick.o(.text)
    delay_nms                                0x08002e11   Thumb Code    32  upstandingcar.o(.text)
    CarUpstandInit                           0x08002e31   Thumb Code   138  upstandingcar.o(.text)
    AngleControl                             0x08002ebb   Thumb Code    66  upstandingcar.o(.text)
    SetMotorVoltageAndDirection              0x08002efd   Thumb Code   196  upstandingcar.o(.text)
    MotorOutput                              0x08002fc1   Thumb Code   292  upstandingcar.o(.text)
    GetMotorPulse                            0x080030e5   Thumb Code   128  upstandingcar.o(.text)
    SpeedControl                             0x08003165   Thumb Code   516  upstandingcar.o(.text)
    SpeedControlOutput                       0x08003369   Thumb Code    64  upstandingcar.o(.text)
    BluetoothControl                         0x080033a9   Thumb Code   166  upstandingcar.o(.text)
    DirectionControl                         0x0800344f   Thumb Code   440  upstandingcar.o(.text)
    DirectionControlOutput                   0x08003607   Thumb Code    64  upstandingcar.o(.text)
    turn                                     0x08003647   Thumb Code   692  upstandingcar.o(.text)
    turnfliteroutput                         0x080038fb   Thumb Code    64  upstandingcar.o(.text)
    chaoshengbo                              0x0800393b   Thumb Code    96  upstandingcar.o(.text)
    USART1_Config                            0x080039fd   Thumb Code   114  usart.o(.text)
    USART3_Config                            0x08003a6f   Thumb Code   120  usart.o(.text)
    NVIC_Configuration                       0x08003ae7   Thumb Code    40  usart.o(.text)
    fputc                                    0x08003b0f   Thumb Code    32  usart.o(.text)
    USART1_printf                            0x08003b91   Thumb Code   262  usart.o(.text)
    USART1_Send_Byte                         0x08003c97   Thumb Code    28  usart.o(.text)
    PrintChar                                0x08003cb3   Thumb Code    24  usart.o(.text)
    Timerx_Init                              0x08003cdd   Thumb Code    92  timer.o(.text)
    TIM1_UP_IRQHandler                       0x08003d39   Thumb Code    22  timer.o(.text)
    UltrasonicWave_Configuration             0x08003d55   Thumb Code   122  ultrasonicwave.o(.text)
    EXTI1_IRQHandler                         0x08003dcf   Thumb Code    96  ultrasonicwave.o(.text)
    UltrasonicWave_StartMeasure              0x08003e2f   Thumb Code    26  ultrasonicwave.o(.text)
    Reset_Handler                            0x08003e55   Thumb Code     8  startup_stm32f10x_md.o(.text)
    ADC1_2_IRQHandler                        0x08003e6f   Thumb Code     0  startup_stm32f10x_md.o(.text)
    CAN1_RX1_IRQHandler                      0x08003e6f   Thumb Code     0  startup_stm32f10x_md.o(.text)
    CAN1_SCE_IRQHandler                      0x08003e6f   Thumb Code     0  startup_stm32f10x_md.o(.text)
    DMA1_Channel1_IRQHandler                 0x08003e6f   Thumb Code     0  startup_stm32f10x_md.o(.text)
    DMA1_Channel2_IRQHandler                 0x08003e6f   Thumb Code     0  startup_stm32f10x_md.o(.text)
    DMA1_Channel3_IRQHandler                 0x08003e6f   Thumb Code     0  startup_stm32f10x_md.o(.text)
    DMA1_Channel4_IRQHandler                 0x08003e6f   Thumb Code     0  startup_stm32f10x_md.o(.text)
    DMA1_Channel5_IRQHandler                 0x08003e6f   Thumb Code     0  startup_stm32f10x_md.o(.text)
    DMA1_Channel6_IRQHandler                 0x08003e6f   Thumb Code     0  startup_stm32f10x_md.o(.text)
    DMA1_Channel7_IRQHandler                 0x08003e6f   Thumb Code     0  startup_stm32f10x_md.o(.text)
    EXTI0_IRQHandler                         0x08003e6f   Thumb Code     0  startup_stm32f10x_md.o(.text)
    EXTI15_10_IRQHandler                     0x08003e6f   Thumb Code     0  startup_stm32f10x_md.o(.text)
    EXTI2_IRQHandler                         0x08003e6f   Thumb Code     0  startup_stm32f10x_md.o(.text)
    EXTI3_IRQHandler                         0x08003e6f   Thumb Code     0  startup_stm32f10x_md.o(.text)
    EXTI4_IRQHandler                         0x08003e6f   Thumb Code     0  startup_stm32f10x_md.o(.text)
    EXTI9_5_IRQHandler                       0x08003e6f   Thumb Code     0  startup_stm32f10x_md.o(.text)
    FLASH_IRQHandler                         0x08003e6f   Thumb Code     0  startup_stm32f10x_md.o(.text)
    I2C1_ER_IRQHandler                       0x08003e6f   Thumb Code     0  startup_stm32f10x_md.o(.text)
    I2C1_EV_IRQHandler                       0x08003e6f   Thumb Code     0  startup_stm32f10x_md.o(.text)
    I2C2_ER_IRQHandler                       0x08003e6f   Thumb Code     0  startup_stm32f10x_md.o(.text)
    I2C2_EV_IRQHandler                       0x08003e6f   Thumb Code     0  startup_stm32f10x_md.o(.text)
    PVD_IRQHandler                           0x08003e6f   Thumb Code     0  startup_stm32f10x_md.o(.text)
    RCC_IRQHandler                           0x08003e6f   Thumb Code     0  startup_stm32f10x_md.o(.text)
    RTCAlarm_IRQHandler                      0x08003e6f   Thumb Code     0  startup_stm32f10x_md.o(.text)
    RTC_IRQHandler                           0x08003e6f   Thumb Code     0  startup_stm32f10x_md.o(.text)
    SPI1_IRQHandler                          0x08003e6f   Thumb Code     0  startup_stm32f10x_md.o(.text)
    SPI2_IRQHandler                          0x08003e6f   Thumb Code     0  startup_stm32f10x_md.o(.text)
    TAMPER_IRQHandler                        0x08003e6f   Thumb Code     0  startup_stm32f10x_md.o(.text)
    TIM1_BRK_IRQHandler                      0x08003e6f   Thumb Code     0  startup_stm32f10x_md.o(.text)
    TIM1_CC_IRQHandler                       0x08003e6f   Thumb Code     0  startup_stm32f10x_md.o(.text)
    TIM1_TRG_COM_IRQHandler                  0x08003e6f   Thumb Code     0  startup_stm32f10x_md.o(.text)
    TIM2_IRQHandler                          0x08003e6f   Thumb Code     0  startup_stm32f10x_md.o(.text)
    TIM3_IRQHandler                          0x08003e6f   Thumb Code     0  startup_stm32f10x_md.o(.text)
    TIM4_IRQHandler                          0x08003e6f   Thumb Code     0  startup_stm32f10x_md.o(.text)
    USART1_IRQHandler                        0x08003e6f   Thumb Code     0  startup_stm32f10x_md.o(.text)
    USART2_IRQHandler                        0x08003e6f   Thumb Code     0  startup_stm32f10x_md.o(.text)
    USBWakeUp_IRQHandler                     0x08003e6f   Thumb Code     0  startup_stm32f10x_md.o(.text)
    USB_HP_CAN1_TX_IRQHandler                0x08003e6f   Thumb Code     0  startup_stm32f10x_md.o(.text)
    USB_LP_CAN1_RX0_IRQHandler               0x08003e6f   Thumb Code     0  startup_stm32f10x_md.o(.text)
    WWDG_IRQHandler                          0x08003e6f   Thumb Code     0  startup_stm32f10x_md.o(.text)
    __user_initial_stackheap                 0x08003e71   Thumb Code     0  startup_stm32f10x_md.o(.text)
    mpu_reg_dump                             0x08003f1f   Thumb Code    72  inv_mpu.o(.text)
    mpu_read_reg                             0x08003f67   Thumb Code    66  inv_mpu.o(.text)
    mpu_set_int_latched                      0x08003fa9   Thumb Code   102  inv_mpu.o(.text)
    mpu_set_sensors                          0x0800400f   Thumb Code   202  inv_mpu.o(.text)
    mpu_set_bypass                           0x080040d9   Thumb Code   330  inv_mpu.o(.text)
    mpu_reset_fifo                           0x08004223   Thumb Code   454  inv_mpu.o(.text)
    mpu_configure_fifo                       0x080043e9   Thumb Code   106  inv_mpu.o(.text)
    mpu_set_lpf                              0x08004453   Thumb Code   126  inv_mpu.o(.text)
    mpu_lp_accel_mode                        0x080044d1   Thumb Code   218  inv_mpu.o(.text)
    mpu_set_sample_rate                      0x080045ab   Thumb Code   152  inv_mpu.o(.text)
    mpu_set_accel_fsr                        0x08004643   Thumb Code   130  inv_mpu.o(.text)
    mpu_set_gyro_fsr                         0x080046c5   Thumb Code   132  inv_mpu.o(.text)
    mpu_init                                 0x08004749   Thumb Code   420  inv_mpu.o(.text)
    mpu_get_gyro_reg                         0x080048ed   Thumb Code   110  inv_mpu.o(.text)
    mpu_get_accel_reg                        0x0800495b   Thumb Code   110  inv_mpu.o(.text)
    mpu_get_temperature                      0x080049c9   Thumb Code   150  inv_mpu.o(.text)
    mpu_set_accel_bias                       0x08004a5f   Thumb Code   468  inv_mpu.o(.text)
    mpu_get_gyro_fsr                         0x08004c33   Thumb Code    64  inv_mpu.o(.text)
    mpu_get_accel_fsr                        0x08004c73   Thumb Code    72  inv_mpu.o(.text)
    mpu_get_lpf                              0x08004cbb   Thumb Code    74  inv_mpu.o(.text)
    mpu_get_sample_rate                      0x08004d05   Thumb Code    26  inv_mpu.o(.text)
    mpu_get_compass_sample_rate              0x08004d1f   Thumb Code    10  inv_mpu.o(.text)
    mpu_set_compass_sample_rate              0x08004d29   Thumb Code     8  inv_mpu.o(.text)
    mpu_get_gyro_sens                        0x08004d31   Thumb Code    58  inv_mpu.o(.text)
    mpu_get_accel_sens                       0x08004d6b   Thumb Code    78  inv_mpu.o(.text)
    mpu_get_fifo_config                      0x08004db9   Thumb Code    12  inv_mpu.o(.text)
    mpu_get_power_state                      0x08004dc5   Thumb Code    22  inv_mpu.o(.text)
    mpu_get_int_status                       0x08004ddb   Thumb Code    64  inv_mpu.o(.text)
    mpu_read_fifo                            0x08004e1b   Thumb Code   526  inv_mpu.o(.text)
    mpu_read_fifo_stream                     0x08005029   Thumb Code   186  inv_mpu.o(.text)
    mpu_set_int_level                        0x080050e3   Thumb Code    12  inv_mpu.o(.text)
    mpu_set_dmp_state                        0x080057e5   Thumb Code   138  inv_mpu.o(.text)
    mpu_run_self_test                        0x0800586f   Thumb Code   278  inv_mpu.o(.text)
    mpu_write_mem                            0x08005985   Thumb Code   122  inv_mpu.o(.text)
    mpu_read_mem                             0x080059ff   Thumb Code   122  inv_mpu.o(.text)
    mpu_load_firmware                        0x08005a79   Thumb Code   188  inv_mpu.o(.text)
    mpu_get_dmp_state                        0x08005b35   Thumb Code    14  inv_mpu.o(.text)
    mpu_get_compass_reg                      0x08005b43   Thumb Code     8  inv_mpu.o(.text)
    mpu_get_compass_fsr                      0x08005b4b   Thumb Code     8  inv_mpu.o(.text)
    mpu_lp_motion_interrupt                  0x08005b53   Thumb Code   512  inv_mpu.o(.text)
    dmp_load_motion_driver_firmware          0x08005d59   Thumb Code    20  inv_mpu_dmp_motion_driver.o(.text)
    dmp_set_orientation                      0x08005d6d   Thumb Code   290  inv_mpu_dmp_motion_driver.o(.text)
    dmp_set_gyro_bias                        0x08005e8f   Thumb Code   310  inv_mpu_dmp_motion_driver.o(.text)
    dmp_set_accel_bias                       0x08005fc5   Thumb Code   328  inv_mpu_dmp_motion_driver.o(.text)
    dmp_set_fifo_rate                        0x0800610d   Thumb Code   136  inv_mpu_dmp_motion_driver.o(.text)
    dmp_get_fifo_rate                        0x08006195   Thumb Code    12  inv_mpu_dmp_motion_driver.o(.text)
    dmp_set_tap_thresh                       0x080061a1   Thumb Code   396  inv_mpu_dmp_motion_driver.o(.text)
    dmp_set_tap_axes                         0x0800632d   Thumb Code    70  inv_mpu_dmp_motion_driver.o(.text)
    dmp_set_tap_count                        0x08006373   Thumb Code    38  inv_mpu_dmp_motion_driver.o(.text)
    dmp_set_tap_time                         0x08006399   Thumb Code    38  inv_mpu_dmp_motion_driver.o(.text)
    dmp_set_tap_time_multi                   0x080063bf   Thumb Code    38  inv_mpu_dmp_motion_driver.o(.text)
    dmp_set_shake_reject_thresh              0x080063e5   Thumb Code    56  inv_mpu_dmp_motion_driver.o(.text)
    dmp_set_shake_reject_time                0x0800641d   Thumb Code    38  inv_mpu_dmp_motion_driver.o(.text)
    dmp_set_shake_reject_timeout             0x08006443   Thumb Code    38  inv_mpu_dmp_motion_driver.o(.text)
    dmp_get_pedometer_step_count             0x08006469   Thumb Code    66  inv_mpu_dmp_motion_driver.o(.text)
    dmp_set_pedometer_step_count             0x080064ab   Thumb Code    42  inv_mpu_dmp_motion_driver.o(.text)
    dmp_get_pedometer_walk_time              0x080064d5   Thumb Code    72  inv_mpu_dmp_motion_driver.o(.text)
    dmp_set_pedometer_walk_time              0x0800651d   Thumb Code    48  inv_mpu_dmp_motion_driver.o(.text)
    dmp_enable_6x_lp_quat                    0x0800654d   Thumb Code    84  inv_mpu_dmp_motion_driver.o(.text)
    dmp_enable_lp_quat                       0x080065a1   Thumb Code    60  inv_mpu_dmp_motion_driver.o(.text)
    dmp_enable_gyro_cal                      0x080065dd   Thumb Code    62  inv_mpu_dmp_motion_driver.o(.text)
    dmp_enable_feature                       0x0800661b   Thumb Code   530  inv_mpu_dmp_motion_driver.o(.text)
    dmp_get_enabled_features                 0x0800682d   Thumb Code    12  inv_mpu_dmp_motion_driver.o(.text)
    dmp_set_interrupt_mode                   0x08006897   Thumb Code    66  inv_mpu_dmp_motion_driver.o(.text)
    dmp_read_fifo                            0x080068d9   Thumb Code   512  inv_mpu_dmp_motion_driver.o(.text)
    dmp_register_tap_cb                      0x08006ad9   Thumb Code    10  inv_mpu_dmp_motion_driver.o(.text)
    dmp_register_android_orient_cb           0x08006ae3   Thumb Code    10  inv_mpu_dmp_motion_driver.o(.text)
    inv_orientation_matrix_to_scalar         0x08006b3b   Thumb Code    40  inv_mpu_dmp_motion_driver.o(.text)
    run_self_test                            0x08006b63   Thumb Code   156  inv_mpu_dmp_motion_driver.o(.text)
    __aeabi_llsl                             0x08006c4d   Thumb Code     0  llshl.o(.text)
    _ll_shift_l                              0x08006c4d   Thumb Code    38  llshl.o(.text)
    __aeabi_lasr                             0x08006c73   Thumb Code     0  llsshr.o(.text)
    _ll_sshift_r                             0x08006c73   Thumb Code    38  llsshr.o(.text)
    __aeabi_ldivmod                          0x08006c99   Thumb Code     0  llsdiv.o(.text)
    _ll_sdiv                                 0x08006c99   Thumb Code    72  llsdiv.o(.text)
    memcmp                                   0x08006ce1   Thumb Code    78  memcmp.o(.text)
    __aeabi_memset                           0x08006d2f   Thumb Code    16  aeabi_memset.o(.text)
    __use_two_region_memory                  0x08006d3f   Thumb Code     2  heapauxi.o(.text)
    __rt_heap_escrow$2region                 0x08006d41   Thumb Code     2  heapauxi.o(.text)
    __rt_heap_expand$2region                 0x08006d43   Thumb Code     2  heapauxi.o(.text)
    __aeabi_uldivmod                         0x08006d45   Thumb Code     0  lludivv7m.o(.text)
    _ll_udiv                                 0x08006d45   Thumb Code   238  lludivv7m.o(.text)
    __read_errno                             0x08006e33   Thumb Code    10  _rserrno.o(.text)
    __set_errno                              0x08006e3d   Thumb Code    12  _rserrno.o(.text)
    __aeabi_memclr                           0x08006e49   Thumb Code     0  rt_memclr.o(.text)
    __rt_memclr                              0x08006e49   Thumb Code    68  rt_memclr.o(.text)
    _memset                                  0x08006e4d   Thumb Code     0  rt_memclr.o(.text)
    __aeabi_errno_addr                       0x08006e8d   Thumb Code    12  rt_errno_addr_intlibspace.o(.text)
    __errno$intlibspace                      0x08006e8d   Thumb Code     0  rt_errno_addr_intlibspace.o(.text)
    __rt_errno_addr$intlibspace              0x08006e8d   Thumb Code     0  rt_errno_addr_intlibspace.o(.text)
    __aeabi_memclr4                          0x08006e99   Thumb Code     0  rt_memclr_w.o(.text)
    __aeabi_memclr8                          0x08006e99   Thumb Code     0  rt_memclr_w.o(.text)
    __rt_memclr_w                            0x08006e99   Thumb Code    78  rt_memclr_w.o(.text)
    _memset_w                                0x08006e9d   Thumb Code     0  rt_memclr_w.o(.text)
    __user_libspace                          0x08006ee9   Thumb Code     8  libspace.o(.text)
    __user_perproc_libspace                  0x08006ee9   Thumb Code     0  libspace.o(.text)
    __user_perthread_libspace                0x08006ee9   Thumb Code     0  libspace.o(.text)
    __user_setup_stackheap                   0x08006ef1   Thumb Code    74  sys_stackheap_outer.o(.text)
    exit                                     0x08006f3b   Thumb Code    12  exit.o(.text)
    __rt_fp_status_addr                      0x08006f49   Thumb Code    12  rt_fp_status_addr_intlibspace.o(.text)
    _sys_exit                                0x08006f55   Thumb Code     8  sys_exit.o(.text)
    __I$use$semihosting                      0x08006f61   Thumb Code     0  use_no_semi.o(.text)
    __use_no_semihosting_swi                 0x08006f61   Thumb Code     2  use_no_semi.o(.text)
    __ARM_fpclassify                         0x08006f63   Thumb Code    40  fpclassify.o(i.__ARM_fpclassify)
    __kernel_poly                            0x08006f8b   Thumb Code   170  poly.o(i.__kernel_poly)
    __mathlib_dbl_underflow                  0x08007035   Thumb Code    10  dunder.o(i.__mathlib_dbl_underflow)
    asin                                     0x08007045   Thumb Code   586  asin.o(i.asin)
    atan                                     0x080072c5   Thumb Code   480  atan.o(i.atan)
    atan2                                    0x080074e9   Thumb Code   346  atan2.o(i.atan2)
    sqrt                                     0x08007669   Thumb Code    74  sqrt.o(i.sqrt)
    __aeabi_d2f                              0x080076b5   Thumb Code     0  d2f.o(x$fpl$d2f)
    _d2f                                     0x080076b5   Thumb Code    98  d2f.o(x$fpl$d2f)
    __aeabi_dadd                             0x08007719   Thumb Code     0  daddsub_clz.o(x$fpl$dadd)
    _dadd                                    0x08007719   Thumb Code   328  daddsub_clz.o(x$fpl$dadd)
    __fpl_dcheck_NaN1                        0x08007865   Thumb Code    10  dcheck1.o(x$fpl$dcheck1)
    __fpl_dcmp_Inf                           0x08007875   Thumb Code    24  dcmpi.o(x$fpl$dcmpinf)
    __aeabi_ddiv                             0x0800788d   Thumb Code     0  ddiv.o(x$fpl$ddiv)
    _ddiv                                    0x0800788d   Thumb Code   552  ddiv.o(x$fpl$ddiv)
    __aeabi_i2d                              0x08007b3d   Thumb Code     0  dflt_clz.o(x$fpl$dflt)
    _dflt                                    0x08007b3d   Thumb Code    46  dflt_clz.o(x$fpl$dflt)
    __aeabi_cdcmple                          0x08007b6d   Thumb Code     0  dleqf.o(x$fpl$dleqf)
    _dcmple                                  0x08007b6d   Thumb Code   120  dleqf.o(x$fpl$dleqf)
    __fpl_dcmple_InfNaN                      0x08007bcf   Thumb Code     0  dleqf.o(x$fpl$dleqf)
    __aeabi_dmul                             0x08007be5   Thumb Code     0  dmul.o(x$fpl$dmul)
    _dmul                                    0x08007be5   Thumb Code   332  dmul.o(x$fpl$dmul)
    __fpl_dnaninf                            0x08007d39   Thumb Code   156  dnaninf.o(x$fpl$dnaninf)
    __fpl_dretinf                            0x08007dd5   Thumb Code    12  dretinf.o(x$fpl$dretinf)
    __aeabi_drsub                            0x08007de1   Thumb Code     0  daddsub_clz.o(x$fpl$drsb)
    _drsb                                    0x08007de1   Thumb Code    22  daddsub_clz.o(x$fpl$drsb)
    _dsqrt                                   0x08007df9   Thumb Code   456  dsqrt_noumaal.o(x$fpl$dsqrt)
    __aeabi_dsub                             0x08007fc5   Thumb Code     0  daddsub_clz.o(x$fpl$dsub)
    _dsub                                    0x08007fc5   Thumb Code   464  daddsub_clz.o(x$fpl$dsub)
    __aeabi_f2d                              0x08008199   Thumb Code     0  f2d.o(x$fpl$f2d)
    _f2d                                     0x08008199   Thumb Code    86  f2d.o(x$fpl$f2d)
    __aeabi_fadd                             0x080081f1   Thumb Code     0  faddsub_clz.o(x$fpl$fadd)
    _fadd                                    0x080081f1   Thumb Code   196  faddsub_clz.o(x$fpl$fadd)
    __fpl_fcmp_Inf                           0x080082b5   Thumb Code    24  fcmpi.o(x$fpl$fcmpinf)
    __aeabi_fdiv                             0x080082cd   Thumb Code     0  fdiv.o(x$fpl$fdiv)
    _fdiv                                    0x080082cd   Thumb Code   384  fdiv.o(x$fpl$fdiv)
    __aeabi_cfcmpeq                          0x08008451   Thumb Code     0  feqf.o(x$fpl$feqf)
    _fcmpeq                                  0x08008451   Thumb Code   104  feqf.o(x$fpl$feqf)
    __aeabi_f2iz                             0x080084b9   Thumb Code     0  ffix.o(x$fpl$ffix)
    _ffix                                    0x080084b9   Thumb Code    54  ffix.o(x$fpl$ffix)
    __aeabi_f2uiz                            0x080084f1   Thumb Code     0  ffixu.o(x$fpl$ffixu)
    _ffixu                                   0x080084f1   Thumb Code    62  ffixu.o(x$fpl$ffixu)
    __aeabi_i2f                              0x08008531   Thumb Code     0  fflt_clz.o(x$fpl$fflt)
    _fflt                                    0x08008531   Thumb Code    48  fflt_clz.o(x$fpl$fflt)
    __aeabi_ui2f                             0x08008561   Thumb Code     0  fflt_clz.o(x$fpl$ffltu)
    _ffltu                                   0x08008561   Thumb Code    38  fflt_clz.o(x$fpl$ffltu)
    __aeabi_cfcmple                          0x08008589   Thumb Code     0  fleqf.o(x$fpl$fleqf)
    _fcmple                                  0x08008589   Thumb Code   104  fleqf.o(x$fpl$fleqf)
    __fpl_fcmple_InfNaN                      0x080085db   Thumb Code     0  fleqf.o(x$fpl$fleqf)
    __aeabi_fmul                             0x080085f1   Thumb Code     0  fmul.o(x$fpl$fmul)
    _fmul                                    0x080085f1   Thumb Code   258  fmul.o(x$fpl$fmul)
    __fpl_fnaninf                            0x080086f3   Thumb Code   140  fnaninf.o(x$fpl$fnaninf)
    _fp_init                                 0x0800877f   Thumb Code    14  fpinit.o(x$fpl$fpinit)
    __fplib_config_pureend_doubles           0x0800878b   Thumb Code     0  fpinit.o(x$fpl$fpinit)
    __fpl_fretinf                            0x0800878d   Thumb Code    10  fretinf.o(x$fpl$fretinf)
    __aeabi_cfrcmple                         0x08008797   Thumb Code     0  frleqf.o(x$fpl$frleqf)
    _frcmple                                 0x08008797   Thumb Code    98  frleqf.o(x$fpl$frleqf)
    __aeabi_fsub                             0x080087f9   Thumb Code     0  faddsub_clz.o(x$fpl$fsub)
    _fsub                                    0x080087f9   Thumb Code   234  faddsub_clz.o(x$fpl$fsub)
    __fpl_return_NaN                         0x080088e3   Thumb Code   100  retnan.o(x$fpl$retnan)
    __ARM_scalbn                             0x08008947   Thumb Code     0  scalbn.o(x$fpl$scalbn)
    scalbn                                   0x08008947   Thumb Code    96  scalbn.o(x$fpl$scalbn)
    __fpl_inf_scalbn                         0x080089a5   Thumb Code     0  scalbn.o(x$fpl$scalbn)
    __fpl_cmpreturn                          0x080089a7   Thumb Code    48  trapv.o(x$fpl$trapveneer)
    __I$use$fp                               0x080089d7   Thumb Code     0  usenofp.o(x$fpl$usenofp)
    hw                                       0x080089d8   Data          12  inv_mpu.o(.constdata)
    reg                                      0x080089e4   Data          27  inv_mpu.o(.constdata)
    test                                     0x08008a00   Data          40  inv_mpu.o(.constdata)
    __mathlib_zero                           0x08009758   Data           8  qnan.o(.constdata)
    Region$$Table$$Base                      0x08009760   Number         0  anon$$obj.o(Region$$Table)
    Region$$Table$$Limit                     0x08009780   Number         0  anon$$obj.o(Region$$Table)
    SystemCoreClock                          0x20000014   Data           4  system_stm32f10x.o(.data)
    AHBPrescTable                            0x20000018   Data          16  system_stm32f10x.o(.data)
    q0                                       0x20000034   Data           4  mpu6050.o(.data)
    q1                                       0x20000038   Data           4  mpu6050.o(.data)
    q2                                       0x2000003c   Data           4  mpu6050.o(.data)
    q3                                       0x20000040   Data           4  mpu6050.o(.data)
    Pitch                                    0x20000044   Data           4  mpu6050.o(.data)
    Roll                                     0x20000048   Data           4  mpu6050.o(.data)
    Yaw                                      0x2000004c   Data           4  mpu6050.o(.data)
    sensor_timestamp                         0x20000050   Data           4  mpu6050.o(.data)
    gyro                                     0x20000054   Data           6  mpu6050.o(.data)
    accel                                    0x2000005a   Data           6  mpu6050.o(.data)
    sensors                                  0x20000060   Data           2  mpu6050.o(.data)
    more                                     0x20000062   Data           1  mpu6050.o(.data)
    BST_fCarAngle_P                          0x20000068   Data           4  upstandingcar.o(.data)
    BST_fCarAngle_D                          0x2000006c   Data           4  upstandingcar.o(.data)
    BST_fCarSpeed_P                          0x20000070   Data           4  upstandingcar.o(.data)
    BST_fCarSpeed_I                          0x20000074   Data           4  upstandingcar.o(.data)
    BST_u8LEDCount                           0x200000a8   Data           1  upstandingcar.o(.data)
    BST_u8MainEventCount                     0x200000a9   Data           1  upstandingcar.o(.data)
    BST_u8SpeedControlCount                  0x200000aa   Data           1  upstandingcar.o(.data)
    BST_u8SpeedControlPeriod                 0x200000ab   Data           1  upstandingcar.o(.data)
    BST_u8DirectionControlPeriod             0x200000ac   Data           1  upstandingcar.o(.data)
    BST_u8DirectionControlCount              0x200000ad   Data           1  upstandingcar.o(.data)
    BST_u8trig                               0x200000ae   Data           1  upstandingcar.o(.data)
    BST_u8turnCount                          0x200000af   Data           1  upstandingcar.o(.data)
    BST_u8turnPeriod                         0x200000b0   Data           1  upstandingcar.o(.data)
    btcount                                  0x200000b1   Data           1  upstandingcar.o(.data)
    BST_fSpeedControlOut                     0x200000b4   Data           4  upstandingcar.o(.data)
    BST_fSpeedControlOutOld                  0x200000b8   Data           4  upstandingcar.o(.data)
    BST_fSpeedControlOutNew                  0x200000bc   Data           4  upstandingcar.o(.data)
    BST_fAngleControlOut                     0x200000c0   Data           4  upstandingcar.o(.data)
    BST_fLeftMotorOut                        0x200000c4   Data           4  upstandingcar.o(.data)
    BST_fRightMotorOut                       0x200000c8   Data           4  upstandingcar.o(.data)
    BST_fCarAngle                            0x200000cc   Data           4  upstandingcar.o(.data)
    gyro_z                                   0x200000d0   Data           4  upstandingcar.o(.data)
    BST_s16LeftMotorPulse                    0x200000d4   Data           2  upstandingcar.o(.data)
    BST_s16RightMotorPulse                   0x200000d6   Data           2  upstandingcar.o(.data)
    BST_s32LeftMotorPulseOld                 0x200000d8   Data           4  upstandingcar.o(.data)
    BST_s32RightMotorPulseOld                0x200000dc   Data           4  upstandingcar.o(.data)
    BST_s32LeftMotorPulseSigma               0x200000e0   Data           4  upstandingcar.o(.data)
    BST_s32RightMotorPulseSigma              0x200000e4   Data           4  upstandingcar.o(.data)
    BST_fCarSpeed                            0x200000e8   Data           4  upstandingcar.o(.data)
    BST_fCarSpeedOld                         0x200000ec   Data           4  upstandingcar.o(.data)
    BST_fCarPosition                         0x200000f0   Data           4  upstandingcar.o(.data)
    BST_fBluetoothSpeed                      0x200000f4   Data           4  upstandingcar.o(.data)
    BST_fBluetoothDirectionOld               0x200000f8   Data           4  upstandingcar.o(.data)
    BST_fBluetoothDirectionNew               0x200000fc   Data           4  upstandingcar.o(.data)
    BST_fBluetoothDirectionOut               0x20000100   Data           4  upstandingcar.o(.data)
    BST_fBluetoothDirectionSL                0x20000104   Data           4  upstandingcar.o(.data)
    BST_fBluetoothDirectionSR                0x20000108   Data           4  upstandingcar.o(.data)
    BST_fBluetoothDirectionL                 0x2000010c   Data           4  upstandingcar.o(.data)
    BST_fBluetoothDirectionR                 0x20000110   Data           4  upstandingcar.o(.data)
    BST_speednow                             0x20000114   Data           4  upstandingcar.o(.data)
    BST_speedold                             0x20000118   Data           4  upstandingcar.o(.data)
    BST_speedout                             0x2000011c   Data           4  upstandingcar.o(.data)
    chose                                    0x20000120   Data           4  upstandingcar.o(.data)
    BST_fchaoshengbooutput                   0x20000124   Data           4  upstandingcar.o(.data)
    fchaoshengbo                             0x20000128   Data           4  upstandingcar.o(.data)
    fchaoshengboOld                          0x2000012c   Data           4  upstandingcar.o(.data)
    fchaoshengboNew                          0x20000130   Data           4  upstandingcar.o(.data)
    fchaoshengboPeriod                       0x20000134   Data           4  upstandingcar.o(.data)
    juli                                     0x20000138   Data           4  upstandingcar.o(.data)
    count                                    0x2000013c   Data           4  ultrasonicwave.o(.data)
    quat                                     0x2000016c   Data          16  mpu6050.o(.bss)
    __libspace_start                         0x2000018c   Data          96  libspace.o(.bss)
    __temporary_stack_top$libspace           0x200001ec   Data           0  libspace.o(.bss)



==============================================================================

Memory Map of the image

  Image Entry point : 0x080000ed

  Load Region LR_IROM1 (Base: 0x08000000, Size: 0x000098ec, Max: 0x00010000, ABSOLUTE, COMPRESSED[0x000097c4])

    Execution Region ER_IROM1 (Base: 0x08000000, Size: 0x00009780, Max: 0x00010000, ABSOLUTE)

    Base Addr    Size         Type   Attr      Idx    E Section Name        Object

    0x08000000   0x000000ec   Data   RO          703    RESET               startup_stm32f10x_md.o
    0x080000ec   0x00000008   Code   RO          791  * !!!main             c_w.l(__main.o)(c_w.l)
    0x080000f4   0x00000034   Code   RO         1106    !!!scatter          c_w.l(__scatter.o)(c_w.l)
    0x08000128   0x0000005a   Code   RO         1104    !!dczerorl2         c_w.l(__dczerorl2.o)(c_w.l)
    0x08000182   0x00000002   PAD
    0x08000184   0x0000001c   Code   RO         1108    !!handler_zi        c_w.l(__scatter_zi.o)(c_w.l)
    0x080001a0   0x00000006   Code   RO          969    .ARM.Collect$$libinit$$00000000  c_w.l(libinit.o)(c_w.l)
    0x080001a6   0x00000000   Code   RO          980    .ARM.Collect$$libinit$$00000006  c_w.l(libinit2.o)(c_w.l)
    0x080001a6   0x00000000   Code   RO          982    .ARM.Collect$$libinit$$00000008  c_w.l(libinit2.o)(c_w.l)
    0x080001a6   0x00000000   Code   RO          984    .ARM.Collect$$libinit$$0000000A  c_w.l(libinit2.o)(c_w.l)
    0x080001a6   0x00000000   Code   RO          987    .ARM.Collect$$libinit$$0000000D  c_w.l(libinit2.o)(c_w.l)
    0x080001a6   0x00000000   Code   RO          989    .ARM.Collect$$libinit$$0000000F  c_w.l(libinit2.o)(c_w.l)
    0x080001a6   0x00000000   Code   RO          991    .ARM.Collect$$libinit$$00000011  c_w.l(libinit2.o)(c_w.l)
    0x080001a6   0x00000000   Code   RO          993    .ARM.Collect$$libinit$$00000013  c_w.l(libinit2.o)(c_w.l)
    0x080001a6   0x00000000   Code   RO          995    .ARM.Collect$$libinit$$00000015  c_w.l(libinit2.o)(c_w.l)
    0x080001a6   0x00000000   Code   RO          997    .ARM.Collect$$libinit$$00000017  c_w.l(libinit2.o)(c_w.l)
    0x080001a6   0x00000000   Code   RO          999    .ARM.Collect$$libinit$$00000019  c_w.l(libinit2.o)(c_w.l)
    0x080001a6   0x00000000   Code   RO         1001    .ARM.Collect$$libinit$$0000001B  c_w.l(libinit2.o)(c_w.l)
    0x080001a6   0x00000000   Code   RO         1003    .ARM.Collect$$libinit$$0000001D  c_w.l(libinit2.o)(c_w.l)
    0x080001a6   0x00000000   Code   RO         1005    .ARM.Collect$$libinit$$0000001F  c_w.l(libinit2.o)(c_w.l)
    0x080001a6   0x00000000   Code   RO         1007    .ARM.Collect$$libinit$$00000021  c_w.l(libinit2.o)(c_w.l)
    0x080001a6   0x00000000   Code   RO         1011    .ARM.Collect$$libinit$$00000028  c_w.l(libinit2.o)(c_w.l)
    0x080001a6   0x00000000   Code   RO         1013    .ARM.Collect$$libinit$$0000002A  c_w.l(libinit2.o)(c_w.l)
    0x080001a6   0x00000000   Code   RO         1015    .ARM.Collect$$libinit$$0000002C  c_w.l(libinit2.o)(c_w.l)
    0x080001a6   0x00000000   Code   RO         1017    .ARM.Collect$$libinit$$0000002E  c_w.l(libinit2.o)(c_w.l)
    0x080001a6   0x00000002   Code   RO         1018    .ARM.Collect$$libinit$$0000002F  c_w.l(libinit2.o)(c_w.l)
    0x080001a8   0x00000002   Code   RO         1056    .ARM.Collect$$libshutdown$$00000000  c_w.l(libshutdown.o)(c_w.l)
    0x080001aa   0x00000000   Code   RO         1073    .ARM.Collect$$libshutdown$$00000003  c_w.l(libshutdown2.o)(c_w.l)
    0x080001aa   0x00000000   Code   RO         1076    .ARM.Collect$$libshutdown$$00000006  c_w.l(libshutdown2.o)(c_w.l)
    0x080001aa   0x00000000   Code   RO         1079    .ARM.Collect$$libshutdown$$00000009  c_w.l(libshutdown2.o)(c_w.l)
    0x080001aa   0x00000000   Code   RO         1081    .ARM.Collect$$libshutdown$$0000000B  c_w.l(libshutdown2.o)(c_w.l)
    0x080001aa   0x00000000   Code   RO         1084    .ARM.Collect$$libshutdown$$0000000E  c_w.l(libshutdown2.o)(c_w.l)
    0x080001aa   0x00000002   Code   RO         1085    .ARM.Collect$$libshutdown$$0000000F  c_w.l(libshutdown2.o)(c_w.l)
    0x080001ac   0x00000000   Code   RO          867    .ARM.Collect$$rtentry$$00000000  c_w.l(rtentry.o)(c_w.l)
    0x080001ac   0x00000000   Code   RO          922    .ARM.Collect$$rtentry$$00000002  c_w.l(rtentry2.o)(c_w.l)
    0x080001ac   0x00000006   Code   RO          937    .ARM.Collect$$rtentry$$00000004  c_w.l(rtentry4.o)(c_w.l)
    0x080001b2   0x00000000   Code   RO          924    .ARM.Collect$$rtentry$$00000009  c_w.l(rtentry2.o)(c_w.l)
    0x080001b2   0x00000004   Code   RO          925    .ARM.Collect$$rtentry$$0000000A  c_w.l(rtentry2.o)(c_w.l)
    0x080001b6   0x00000000   Code   RO          927    .ARM.Collect$$rtentry$$0000000C  c_w.l(rtentry2.o)(c_w.l)
    0x080001b6   0x00000008   Code   RO          928    .ARM.Collect$$rtentry$$0000000D  c_w.l(rtentry2.o)(c_w.l)
    0x080001be   0x00000002   Code   RO          972    .ARM.Collect$$rtexit$$00000000  c_w.l(rtexit.o)(c_w.l)
    0x080001c0   0x00000000   Code   RO         1024    .ARM.Collect$$rtexit$$00000002  c_w.l(rtexit2.o)(c_w.l)
    0x080001c0   0x00000004   Code   RO         1025    .ARM.Collect$$rtexit$$00000003  c_w.l(rtexit2.o)(c_w.l)
    0x080001c4   0x00000006   Code   RO         1026    .ARM.Collect$$rtexit$$00000004  c_w.l(rtexit2.o)(c_w.l)
    0x080001ca   0x00000002   PAD
    0x080001cc   0x000000f8   Code   RO            1    .text               misc.o
    0x080002c4   0x0000013c   Code   RO           65    .text               stm32f10x_exti.o
    0x08000400   0x00000358   Code   RO           80    .text               stm32f10x_gpio.o
    0x08000758   0x000003a4   Code   RO          104    .text               stm32f10x_rcc.o
    0x08000afc   0x00000dae   Code   RO          118    .text               stm32f10x_tim.o
    0x080018aa   0x00000002   PAD
    0x080018ac   0x0000040c   Code   RO          130    .text               stm32f10x_usart.o
    0x08001cb8   0x000001c8   Code   RO          378    .text               system_stm32f10x.o
    0x08001e80   0x00000034   Code   RO          406    .text               delay.o
    0x08001eb4   0x000003b0   Code   RO          421    .text               i2c.o
    0x08002264   0x00000064   Code   RO          470    .text               main.o
    0x080022c8   0x00000334   Code   RO          519    .text               motor.o
    0x080025fc   0x00000628   Code   RO          531    .text               mpu6050.o
    0x08002c24   0x00000140   Code   RO          587    .text               stm32f10x_it.o
    0x08002d64   0x000000ac   Code   RO          602    .text               systick.o
    0x08002e10   0x00000bec   Code   RO          620    .text               upstandingcar.o
    0x080039fc   0x000002e0   Code   RO          649    .text               usart.o
    0x08003cdc   0x00000078   Code   RO          674    .text               timer.o
    0x08003d54   0x00000100   Code   RO          686    .text               ultrasonicwave.o
    0x08003e54   0x00000040   Code   RO          704    .text               startup_stm32f10x_md.o
    0x08003e94   0x00001ec4   Code   RO          708    .text               inv_mpu.o
    0x08005d58   0x00000ef4   Code   RO          753    .text               inv_mpu_dmp_motion_driver.o
    0x08006c4c   0x00000026   Code   RO          779    .text               c_w.l(llshl.o)(c_w.l)
    0x08006c72   0x00000026   Code   RO          781    .text               c_w.l(llsshr.o)(c_w.l)
    0x08006c98   0x00000048   Code   RO          783    .text               c_w.l(llsdiv.o)(c_w.l)
    0x08006ce0   0x0000004e   Code   RO          785    .text               c_w.l(memcmp.o)(c_w.l)
    0x08006d2e   0x00000010   Code   RO          787    .text               c_w.l(aeabi_memset.o)(c_w.l)
    0x08006d3e   0x00000006   Code   RO          789    .text               c_w.l(heapauxi.o)(c_w.l)
    0x08006d44   0x000000ee   Code   RO          869    .text               c_w.l(lludivv7m.o)(c_w.l)
    0x08006e32   0x00000016   Code   RO          871    .text               c_w.l(_rserrno.o)(c_w.l)
    0x08006e48   0x00000044   Code   RO          873    .text               c_w.l(rt_memclr.o)(c_w.l)
    0x08006e8c   0x0000000c   Code   RO          946    .text               c_w.l(rt_errno_addr_intlibspace.o)(c_w.l)
    0x08006e98   0x0000004e   Code   RO          948    .text               c_w.l(rt_memclr_w.o)(c_w.l)
    0x08006ee6   0x00000002   PAD
    0x08006ee8   0x00000008   Code   RO          954    .text               c_w.l(libspace.o)(c_w.l)
    0x08006ef0   0x0000004a   Code   RO          957    .text               c_w.l(sys_stackheap_outer.o)(c_w.l)
    0x08006f3a   0x0000000c   Code   RO          961    .text               c_w.l(exit.o)(c_w.l)
    0x08006f46   0x00000002   PAD
    0x08006f48   0x0000000c   Code   RO         1036    .text               c_w.l(rt_fp_status_addr_intlibspace.o)(c_w.l)
    0x08006f54   0x0000000c   Code   RO         1044    .text               c_w.l(sys_exit.o)(c_w.l)
    0x08006f60   0x00000002   Code   RO         1061    .text               c_w.l(use_no_semi.o)(c_w.l)
    0x08006f62   0x00000028   Code   RO          908    i.__ARM_fpclassify  m_ws.l(fpclassify.o)(m_ws.l)
    0x08006f8a   0x000000aa   Code   RO          910    i.__kernel_poly     m_ws.l(poly.o)(m_ws.l)
    0x08007034   0x00000010   Code   RO          906    i.__mathlib_dbl_underflow  m_ws.l(dunder.o)(m_ws.l)
    0x08007044   0x00000280   Code   RO          850    i.asin              m_ws.l(asin.o)(m_ws.l)
    0x080072c4   0x00000224   Code   RO          897    i.atan              m_ws.l(atan.o)(m_ws.l)
    0x080074e8   0x00000180   Code   RO          860    i.atan2             m_ws.l(atan2.o)(m_ws.l)
    0x08007668   0x0000004a   Code   RO          914    i.sqrt              m_ws.l(sqrt.o)(m_ws.l)
    0x080076b2   0x00000002   PAD
    0x080076b4   0x00000062   Code   RO          793    x$fpl$d2f           fz_ws.l(d2f.o)(fz_ws.l)
    0x08007716   0x00000002   PAD
    0x08007718   0x0000014c   Code   RO          795    x$fpl$dadd          fz_ws.l(daddsub_clz.o)(fz_ws.l)
    0x08007864   0x00000010   Code   RO          950    x$fpl$dcheck1       fz_ws.l(dcheck1.o)(fz_ws.l)
    0x08007874   0x00000018   Code   RO          875    x$fpl$dcmpinf       fz_ws.l(dcmpi.o)(fz_ws.l)
    0x0800788c   0x000002b0   Code   RO          802    x$fpl$ddiv          fz_ws.l(ddiv.o)(fz_ws.l)
    0x08007b3c   0x0000002e   Code   RO          806    x$fpl$dflt          fz_ws.l(dflt_clz.o)(fz_ws.l)
    0x08007b6a   0x00000002   PAD
    0x08007b6c   0x00000078   Code   RO          811    x$fpl$dleqf         fz_ws.l(dleqf.o)(fz_ws.l)
    0x08007be4   0x00000154   Code   RO          813    x$fpl$dmul          fz_ws.l(dmul.o)(fz_ws.l)
    0x08007d38   0x0000009c   Code   RO          877    x$fpl$dnaninf       fz_ws.l(dnaninf.o)(fz_ws.l)
    0x08007dd4   0x0000000c   Code   RO          879    x$fpl$dretinf       fz_ws.l(dretinf.o)(fz_ws.l)
    0x08007de0   0x00000016   Code   RO          796    x$fpl$drsb          fz_ws.l(daddsub_clz.o)(fz_ws.l)
    0x08007df6   0x00000002   PAD
    0x08007df8   0x000001cc   Code   RO          952    x$fpl$dsqrt         fz_ws.l(dsqrt_noumaal.o)(fz_ws.l)
    0x08007fc4   0x000001d4   Code   RO          797    x$fpl$dsub          fz_ws.l(daddsub_clz.o)(fz_ws.l)
    0x08008198   0x00000056   Code   RO          815    x$fpl$f2d           fz_ws.l(f2d.o)(fz_ws.l)
    0x080081ee   0x00000002   PAD
    0x080081f0   0x000000c4   Code   RO          817    x$fpl$fadd          fz_ws.l(faddsub_clz.o)(fz_ws.l)
    0x080082b4   0x00000018   Code   RO          881    x$fpl$fcmpinf       fz_ws.l(fcmpi.o)(fz_ws.l)
    0x080082cc   0x00000184   Code   RO          824    x$fpl$fdiv          fz_ws.l(fdiv.o)(fz_ws.l)
    0x08008450   0x00000068   Code   RO          827    x$fpl$feqf          fz_ws.l(feqf.o)(fz_ws.l)
    0x080084b8   0x00000036   Code   RO          829    x$fpl$ffix          fz_ws.l(ffix.o)(fz_ws.l)
    0x080084ee   0x00000002   PAD
    0x080084f0   0x0000003e   Code   RO          833    x$fpl$ffixu         fz_ws.l(ffixu.o)(fz_ws.l)
    0x0800852e   0x00000002   PAD
    0x08008530   0x00000030   Code   RO          838    x$fpl$fflt          fz_ws.l(fflt_clz.o)(fz_ws.l)
    0x08008560   0x00000026   Code   RO          837    x$fpl$ffltu         fz_ws.l(fflt_clz.o)(fz_ws.l)
    0x08008586   0x00000002   PAD
    0x08008588   0x00000068   Code   RO          843    x$fpl$fleqf         fz_ws.l(fleqf.o)(fz_ws.l)
    0x080085f0   0x00000102   Code   RO          845    x$fpl$fmul          fz_ws.l(fmul.o)(fz_ws.l)
    0x080086f2   0x0000008c   Code   RO          883    x$fpl$fnaninf       fz_ws.l(fnaninf.o)(fz_ws.l)
    0x0800877e   0x0000000e   Code   RO         1019    x$fpl$fpinit        fz_ws.l(fpinit.o)(fz_ws.l)
    0x0800878c   0x0000000a   Code   RO          885    x$fpl$fretinf       fz_ws.l(fretinf.o)(fz_ws.l)
    0x08008796   0x00000062   Code   RO          847    x$fpl$frleqf        fz_ws.l(frleqf.o)(fz_ws.l)
    0x080087f8   0x000000ea   Code   RO          819    x$fpl$fsub          fz_ws.l(faddsub_clz.o)(fz_ws.l)
    0x080088e2   0x00000064   Code   RO          970    x$fpl$retnan        fz_ws.l(retnan.o)(fz_ws.l)
    0x08008946   0x00000060   Code   RO          890    x$fpl$scalbn        fz_ws.l(scalbn.o)(fz_ws.l)
    0x080089a6   0x00000030   Code   RO         1021    x$fpl$trapveneer    fz_ws.l(trapv.o)(fz_ws.l)
    0x080089d6   0x00000000   Code   RO          895    x$fpl$usenofp       fz_ws.l(usenofp.o)(fz_ws.l)
    0x080089d6   0x00000002   PAD
    0x080089d8   0x0000009e   Data   RO          709    .constdata          inv_mpu.o
    0x08008a76   0x00000bf6   Data   RO          755    .constdata          inv_mpu_dmp_motion_driver.o
    0x0800966c   0x00000004   PAD
    0x08009670   0x00000050   Data   RO          851    .constdata          m_ws.l(asin.o)(m_ws.l)
    0x080096c0   0x00000098   Data   RO          898    .constdata          m_ws.l(atan.o)(m_ws.l)
    0x08009758   0x00000008   Data   RO          912    .constdata          m_ws.l(qnan.o)(m_ws.l)
    0x08009760   0x00000020   Data   RO         1102    Region$$Table       anon$$obj.o


    Execution Region RW_IRAM1 (Base: 0x20000000, Size: 0x000007f0, Max: 0x00005000, ABSOLUTE, COMPRESSED[0x00000044])

    Base Addr    Size         Type   Attr      Idx    E Section Name        Object

    0x20000000   0x00000014   Data   RW          105    .data               stm32f10x_rcc.o
    0x20000014   0x00000014   Data   RW          379    .data               system_stm32f10x.o
    0x20000028   0x0000003b   Data   RW          533    .data               mpu6050.o
    0x20000063   0x00000001   PAD
    0x20000064   0x00000004   Data   RW          603    .data               systick.o
    0x20000068   0x000000d4   Data   RW          621    .data               upstandingcar.o
    0x2000013c   0x00000004   Data   RW          687    .data               ultrasonicwave.o
    0x20000140   0x0000002c   Data   RW          710    .data               inv_mpu.o
    0x2000016c   0x00000010   Zero   RW          532    .bss                mpu6050.o
    0x2000017c   0x00000010   Zero   RW          754    .bss                inv_mpu_dmp_motion_driver.o
    0x2000018c   0x00000060   Zero   RW          955    .bss                c_w.l(libspace.o)(c_w.l)
    0x200001ec   0x00000004   PAD
    0x200001f0   0x00000200   Zero   RW          702    HEAP                startup_stm32f10x_md.o
    0x200003f0   0x00000400   Zero   RW          701    STACK               startup_stm32f10x_md.o


==============================================================================

Image component sizes


      Code (inc. data)   RO Data    RW Data    ZI Data      Debug   Object Name

         0          0          0          0          0          0   core_cm3.o
        52          0          0          0          0          0   delay.o
       944         16          0          0          0          0   i2c.o
      7876        166        158         44          0          0   inv_mpu.o
      3828        198       3062          0         16          0   inv_mpu_dmp_motion_driver.o
       100          6          0          0          0          0   main.o
       248         30          0          0          0          0   misc.o
       820         16          0          0          0          0   motor.o
      1576        800          0         59         16          0   mpu6050.o
        64         26        236          0       1536          0   startup_stm32f10x_md.o
       316         28          0          0          0          0   stm32f10x_exti.o
       856         40          0          0          0          0   stm32f10x_gpio.o
       320         32          0          0          0          0   stm32f10x_it.o
       932         52          0         20          0          0   stm32f10x_rcc.o
      3502         86          0          0          0          0   stm32f10x_tim.o
      1036         20          0          0          0          0   stm32f10x_usart.o
       456         36          0         20          0          0   system_stm32f10x.o
       172         18          0          4          0          0   systick.o
       120          6          0          0          0          0   timer.o
       256         12          0          4          0          0   ultrasonicwave.o
      3052        514          0        212          0          0   upstandingcar.o
       736         18          0          0          0          0   usart.o

    ----------------------------------------------------------------------
     27264       2120       3492        364       1568          0   Object Totals
         0          0         32          0          0          0   (incl. Generated)
         2          0          4          1          0          3   (incl. Padding)

    ----------------------------------------------------------------------

      Code (inc. data)   RO Data    RW Data    ZI Data      Debug   Library Member Name

        90          0          0          0          0          0   __dczerorl2.o
         8          0          0          0          0          0   __main.o
        52          8          0          0          0          0   __scatter.o
        28          0          0          0          0          0   __scatter_zi.o
        22          0          0          0          0          0   _rserrno.o
        16          0          0          0          0          0   aeabi_memset.o
        12          0          0          0          0          0   exit.o
         6          0          0          0          0          0   heapauxi.o
         6          0          0          0          0          0   libinit.o
         2          0          0          0          0          0   libinit2.o
         2          0          0          0          0          0   libshutdown.o
         2          0          0          0          0          0   libshutdown2.o
         8          4          0          0         96          0   libspace.o
        72          0          0          0          0          0   llsdiv.o
        38          0          0          0          0          0   llshl.o
        38          0          0          0          0          0   llsshr.o
       238          0          0          0          0          0   lludivv7m.o
        78          0          0          0          0          0   memcmp.o
        12          4          0          0          0          0   rt_errno_addr_intlibspace.o
        12          4          0          0          0          0   rt_fp_status_addr_intlibspace.o
        68          0          0          0          0          0   rt_memclr.o
        78          0          0          0          0          0   rt_memclr_w.o
         0          0          0          0          0          0   rtentry.o
        12          0          0          0          0          0   rtentry2.o
         6          0          0          0          0          0   rtentry4.o
         2          0          0          0          0          0   rtexit.o
        10          0          0          0          0          0   rtexit2.o
        12          4          0          0          0          0   sys_exit.o
        74          0          0          0          0          0   sys_stackheap_outer.o
         2          0          0          0          0          0   use_no_semi.o
        98          4          0          0          0          0   d2f.o
       822         16          0          0          0          0   daddsub_clz.o
        16          4          0          0          0          0   dcheck1.o
        24          0          0          0          0          0   dcmpi.o
       688        140          0          0          0          0   ddiv.o
        46          0          0          0          0          0   dflt_clz.o
       120          4          0          0          0          0   dleqf.o
       340         12          0          0          0          0   dmul.o
       156          4          0          0          0          0   dnaninf.o
        12          0          0          0          0          0   dretinf.o
       460         56          0          0          0          0   dsqrt_noumaal.o
        86          4          0          0          0          0   f2d.o
       430          8          0          0          0          0   faddsub_clz.o
        24          0          0          0          0          0   fcmpi.o
       388         76          0          0          0          0   fdiv.o
       104          4          0          0          0          0   feqf.o
        54          4          0          0          0          0   ffix.o
        62          4          0          0          0          0   ffixu.o
        86          0          0          0          0          0   fflt_clz.o
       104          4          0          0          0          0   fleqf.o
       258          4          0          0          0          0   fmul.o
       140          4          0          0          0          0   fnaninf.o
        14          0          0          0          0          0   fpinit.o
        10          0          0          0          0          0   fretinf.o
        98          0          0          0          0          0   frleqf.o
       100          0          0          0          0          0   retnan.o
        96          0          0          0          0          0   scalbn.o
        48          0          0          0          0          0   trapv.o
         0          0          0          0          0          0   usenofp.o
       640         54         80          0          0          0   asin.o
       548         68        152          0          0          0   atan.o
       384         38          0          0          0          0   atan2.o
        16          6          0          0          0          0   dunder.o
        40          0          0          0          0          0   fpclassify.o
       170          0          0          0          0          0   poly.o
         0          0          8          0          0          0   qnan.o
        74          0          0          0          0          0   sqrt.o

    ----------------------------------------------------------------------
      7788        542        240          0        100          0   Library Totals
        26          0          0          0          4          0   (incl. Padding)

    ----------------------------------------------------------------------

      Code (inc. data)   RO Data    RW Data    ZI Data      Debug   Library Name

      1006         24          0          0         96       1412   c_w.l
      4884        352          0          0          0       2804   fz_ws.l
      1872        166        240          0          0        764   m_ws.l

    ----------------------------------------------------------------------
      7788        542        240          0        100          0   Library Totals

    ----------------------------------------------------------------------

==============================================================================


      Code (inc. data)   RO Data    RW Data    ZI Data      Debug   

     35052       2662       3732        364       1668     386388   Grand Totals
     35052       2662       3732         68       1668     386388   ELF Image Totals (compressed)
     35052       2662       3732         68          0          0   ROM Totals

==============================================================================

    Total RO  Size (Code + RO Data)                38784 (  37.88kB)
    Total RW  Size (RW Data + ZI Data)              2032 (   1.98kB)
    Total ROM Size (Code + RO Data + RW Data)      38852 (  37.94kB)

==============================================================================

